This is pdfTeX, Version 3.141592653-2.6-1.40.29 (TeX Live 2026/Arch Linux) (preloaded format=pdflatex 2026.4.8)  24 AUG 2026 21:37
entering extended mode
 restricted \write18 enabled.
 %&-line parsing enabled.
**binary_variable_selection.tex
(./binary_variable_selection.tex
LaTeX2e <2025-11-01>
L3 programming layer <2026-01-19>
(./imsart.cls
Document Class: imsart 2022/04/21 driver class for package imsart.sty
(/usr/share/texmf-dist/tex/latex/base/article.cls
Document Class: article 2025/01/22 v1.4n Standard LaTeX document class
(/usr/share/texmf-dist/tex/latex/base/leqno.clo
File: leqno.clo 2016/12/29 v1.2b Standard LaTeX option (left equation numbers)
)
(/usr/share/texmf-dist/tex/latex/base/size11.clo
File: size11.clo 2025/01/22 v1.4n Standard LaTeX file (size option)
)
\c@part=\count275
\c@section=\count276
\c@subsection=\count277
\c@subsubsection=\count278
\c@paragraph=\count279
\c@subparagraph=\count280
\c@figure=\count281
\c@table=\count282
\abovecaptionskip=\skip49
\belowcaptionskip=\skip50
\bibindent=\dimen148
) (./imsart.sty
File: imsart.sty 2026/03/10 IMS article style

(/usr/share/texmf-dist/tex/latex/etoolbox/etoolbox.sty
Package: etoolbox 2025/10/02 v2.5m e-TeX tools for LaTeX (JAW)
\etb@tempcnta=\count283
)
No file imsart.cnf.
(/usr/share/texmf-dist/tex/latex/base/leqno.clo
File: leqno.clo 2016/12/29 v1.2b Standard LaTeX option (left equation numbers)
)
\c@firstpage=\count284
\c@lastpage=\count285
\c@thanks=\count286
\c@addressref=\count287

(/usr/share/texmf-dist/tex/latex/graphics/keyval.sty
Package: keyval 2022/05/29 v1.15 key=value parser (DPC)
\KV@toks@=\toks17
)
\c@emailref=\count288

(/usr/share/texmf-dist/tex/generic/iftex/ifpdf.sty
Package: ifpdf 2019/10/25 v3.4 ifpdf legacy package. Use iftex instead.

(/usr/share/texmf-dist/tex/generic/iftex/iftex.sty
Package: iftex 2024/12/12 v1.0g TeX engine tests
))
\tablewidth=\dimen149
\c@tabnote=\count289
\tabnotestoks=\toks18
\c@author=\count290
\c@address=\count291
\sv@mathsurround=\dimen150
\sv@parindent=\dimen151
\fm@box=\box53
\fm@size=\dimen152
\t@xtheight=\dimen153
\abstract@box=\box54
\keyword@box=\box55
\pre@kwd@depth=\dimen154
\keyword@toks=\toks19

(/usr/share/texmf-dist/tex/latex/base/fontenc.sty
Package: fontenc 2025/07/18 v2.1d Standard LaTeX package
)
(/usr/share/texmf-dist/tex/latex/psnfss/times.sty
Package: times 2020/03/25 PSNFSS-v9.3 (SPQR) 
)
(/usr/share/texmf-dist/tex/latex/psnfss/helvet.sty
Package: helvet 2020/03/25 PSNFSS-v9.3 (WaS) 
)
(/usr/share/texmf-dist/tex/latex/base/textcomp.sty
Package: textcomp 2024/04/24 v2.1b Standard LaTeX package
)
(/usr/share/texmf-dist/tex/latex/textcase/textcase.sty
Package: textcase 2025/02/16 v1.05 Text only upper/lower case changing (DPC)
Package textcase Info: Defining Legacy names on input line 20.
)
LaTeX Font Info:    Trying to load font information for T1+ptm on input line 30
85.

(/usr/share/texmf-dist/tex/latex/psnfss/t1ptm.fd
File: t1ptm.fd 2001/06/04 font definitions for T1/ptm.
)
\c@longlist=\count292
\mathindent=\skip51
\authors@list=\toks20
\keywords@list=\toks21

(/usr/share/texmf-dist/tex/latex/amscls/amsthm.sty
Package: amsthm 2020/05/29 v2.20.6
\thm@style=\toks22
\thm@bodyfont=\toks23
\thm@headfont=\toks24
\thm@notefont=\toks25
\thm@headpunct=\toks26
\thm@preskip=\skip52
\thm@postskip=\skip53
\thm@headsep=\skip54
\dth@everypar=\toks27
)
No file imsart-aos.cnf.
No file imsart-vtex.cnf.
)) (/usr/share/texmf-dist/tex/latex/natbib/natbib.sty
Package: natbib 2010/09/13 8.31b (PWD, AO)
\bibhang=\skip55
\bibsep=\skip56
LaTeX Info: Redefining \cite on input line 694.
\c@NAT@ctr=\count293
)
(/usr/share/texmf-dist/tex/latex/graphics/graphicx.sty
Package: graphicx 2024/12/31 v1.2e Enhanced LaTeX Graphics (DPC,SPQR)

(/usr/share/texmf-dist/tex/latex/graphics/graphics.sty
Package: graphics 2024/08/06 v1.4g Standard LaTeX Graphics (DPC,SPQR)

(/usr/share/texmf-dist/tex/latex/graphics/trig.sty
Package: trig 2023/12/02 v1.11 sin cos tan (DPC)
)
(/usr/share/texmf-dist/tex/latex/graphics-cfg/graphics.cfg
File: graphics.cfg 2016/06/04 v1.11 sample graphics configuration
)
Package graphics Info: Driver file: pdftex.def on input line 106.

(/usr/share/texmf-dist/tex/latex/graphics-def/pdftex.def
File: pdftex.def 2025/09/29 v1.2d Graphics/color driver for pdftex
))
\Gin@req@height=\dimen155
\Gin@req@width=\dimen156
)
(/usr/share/texmf-dist/tex/latex/amsmath/amsmath.sty
Package: amsmath 2025/07/09 v2.17z AMS math features
\@mathmargin=\skip57

For additional information on amsmath, use the `?' option.
(/usr/share/texmf-dist/tex/latex/amsmath/amstext.sty
Package: amstext 2024/11/17 v2.01 AMS text

(/usr/share/texmf-dist/tex/latex/amsmath/amsgen.sty
File: amsgen.sty 1999/11/30 v2.0 generic functions
\@emptytoks=\toks28
\ex@=\dimen157
))
(/usr/share/texmf-dist/tex/latex/amsmath/amsbsy.sty
Package: amsbsy 1999/11/29 v1.2d Bold Symbols
\pmbraise@=\dimen158
)
(/usr/share/texmf-dist/tex/latex/amsmath/amsopn.sty
Package: amsopn 2022/04/08 v2.04 operator names
)
\inf@bad=\count294
LaTeX Info: Redefining \frac on input line 233.
\uproot@=\count295
\leftroot@=\count296
LaTeX Info: Redefining \overline on input line 398.
LaTeX Info: Redefining \colon on input line 409.
\classnum@=\count297
\DOTSCASE@=\count298
LaTeX Info: Redefining \ldots on input line 495.
LaTeX Info: Redefining \dots on input line 498.
LaTeX Info: Redefining \cdots on input line 619.
\Mathstrutbox@=\box56
\strutbox@=\box57
LaTeX Info: Redefining \big on input line 721.
LaTeX Info: Redefining \Big on input line 722.
LaTeX Info: Redefining \bigg on input line 723.
LaTeX Info: Redefining \Bigg on input line 724.
\big@size=\dimen159
LaTeX Font Info:    Redeclaring font encoding OML on input line 742.
LaTeX Font Info:    Redeclaring font encoding OMS on input line 743.
\macc@depth=\count299
LaTeX Info: Redefining \bmod on input line 904.
LaTeX Info: Redefining \pmod on input line 909.
LaTeX Info: Redefining \smash on input line 939.
LaTeX Info: Redefining \relbar on input line 969.
LaTeX Info: Redefining \Relbar on input line 970.
\c@MaxMatrixCols=\count300
\dotsspace@=\muskip17
\c@parentequation=\count301
\dspbrk@lvl=\count302
\tag@help=\toks29
\row@=\count303
\column@=\count304
\maxfields@=\count305
\andhelp@=\toks30
\eqnshift@=\dimen160
\alignsep@=\dimen161
\tagshift@=\dimen162
\tagwidth@=\dimen163
\totwidth@=\dimen164
\lineht@=\dimen165
\@envbody=\toks31
\multlinegap=\skip58
\multlinetaggap=\skip59
\mathdisplay@stack=\toks32
LaTeX Info: Redefining \[ on input line 2950.
LaTeX Info: Redefining \] on input line 2951.
)
(/usr/share/texmf-dist/tex/latex/amsfonts/amsfonts.sty
Package: amsfonts 2013/01/14 v3.01 Basic AMSFonts support
\symAMSa=\mathgroup4
\symAMSb=\mathgroup5
LaTeX Font Info:    Redeclaring math symbol \hbar on input line 98.
LaTeX Font Info:    Overwriting math alphabet `\mathfrak' in version `bold'
(Font)                  U/euf/m/n --> U/euf/b/n on input line 106.
)
(/usr/share/texmf-dist/tex/latex/amsfonts/amssymb.sty
Package: amssymb 2013/01/14 v3.01 AMS font symbols
)
(/usr/share/texmf-dist/tex/latex/mathtools/mathtools.sty
Package: mathtools 2024/10/04 v1.31 mathematical typesetting tools

(/usr/share/texmf-dist/tex/latex/tools/calc.sty
Package: calc 2025/03/01 v4.3b Infix arithmetic (KKT,FJ)
\calc@Acount=\count306
\calc@Bcount=\count307
\calc@Adimen=\dimen166
\calc@Bdimen=\dimen167
\calc@Askip=\skip60
\calc@Bskip=\skip61
LaTeX Info: Redefining \setlength on input line 86.
LaTeX Info: Redefining \addtolength on input line 87.
\calc@Ccount=\count308
\calc@Cskip=\skip62
)
(/usr/share/texmf-dist/tex/latex/mathtools/mhsetup.sty
Package: mhsetup 2021/03/18 v1.4 programming setup (MH)
)
\g_MT_multlinerow_int=\count309
\l_MT_multwidth_dim=\dimen168
\origjot=\skip63
\l_MT_shortvdotswithinadjustabove_dim=\dimen169
\l_MT_shortvdotswithinadjustbelow_dim=\dimen170
\l_MT_above_intertext_sep=\dimen171
\l_MT_below_intertext_sep=\dimen172
\l_MT_above_shortintertext_sep=\dimen173
\l_MT_below_shortintertext_sep=\dimen174
\xmathstrut@box=\box58
\xmathstrut@dim=\dimen175
)
(/usr/share/texmf-dist/tex/latex/xcolor/xcolor.sty
Package: xcolor 2024/09/29 v3.02 LaTeX color extensions (UK)

(/usr/share/texmf-dist/tex/latex/graphics-cfg/color.cfg
File: color.cfg 2016/01/02 v1.6 sample color configuration
)
Package xcolor Info: Driver file: pdftex.def on input line 274.

(/usr/share/texmf-dist/tex/latex/graphics/mathcolor.ltx)
Package xcolor Info: Model `cmy' substituted by `cmy0' on input line 1349.
Package xcolor Info: Model `hsb' substituted by `rgb' on input line 1353.
Package xcolor Info: Model `RGB' extended on input line 1365.
Package xcolor Info: Model `HTML' substituted by `rgb' on input line 1367.
Package xcolor Info: Model `Hsb' substituted by `hsb' on input line 1368.
Package xcolor Info: Model `tHsb' substituted by `hsb' on input line 1369.
Package xcolor Info: Model `HSB' substituted by `hsb' on input line 1370.
Package xcolor Info: Model `Gray' substituted by `gray' on input line 1371.
Package xcolor Info: Model `wave' substituted by `hsb' on input line 1372.
)
(/usr/share/texmf-dist/tex/latex/colortbl/colortbl.sty
Package: colortbl 2024/10/29 v1.0k Color table columns (DPC)

(/usr/share/texmf-dist/tex/latex/tools/array.sty
Package: array 2025/09/25 v2.6n Tabular extension package (FMi)
\col@sep=\dimen176
\ar@mcellbox=\box59
\extrarowheight=\dimen177
\NC@list=\toks33
\extratabsurround=\skip64
\backup@length=\skip65
\ar@cellbox=\box60
)
\everycr=\toks34
\minrowclearance=\skip66
\rownum=\count310
)
(/usr/share/texmf-dist/tex/latex/multirow/multirow.sty
Package: multirow 2024/11/12 v2.9 Span multiple rows of a table
\multirow@colwidth=\skip67
\multirow@cntb=\count311
\multirow@dima=\skip68
\bigstrutjot=\dimen178
)
(/usr/share/texmf-dist/tex/latex/makecell/makecell.sty
Package: makecell 2009/08/03 V0.1e Managing of Tab Column Heads and Cells
\rotheadsize=\dimen179
\c@nlinenum=\count312
\TeXr@lab=\toks35
)
(/usr/share/texmf-dist/tex/latex/tools/hhline.sty
Package: hhline 2020/01/04 v2.04 Table rule package (DPC)
)
(/usr/share/texmf-dist/tex/latex/todonotes/todonotes.sty
Package: todonotes 2024/01/05 v1.1.7 Todonotes source and documentation.
Package: todonotes 2024/01/05

(/usr/share/texmf-dist/tex/latex/base/ifthen.sty
Package: ifthen 2024/03/16 v1.1e Standard LaTeX ifthen package (DPC)
)
(/usr/share/texmf-dist/tex/latex/xkeyval/xkeyval.sty
Package: xkeyval 2025/11/04 v2.10 package option processing (HA)

(/usr/share/texmf-dist/tex/generic/xkeyval/xkeyval.tex
(/usr/share/texmf-dist/tex/generic/xkeyval/xkvutils.tex
\XKV@toks=\toks36
\XKV@tempa@toks=\toks37
\XKV@tempb@toks=\toks38
)
\XKV@depth=\count313
File: xkeyval.tex 2014/12/03 v2.7a key=value parser (HA)
))
(/usr/share/texmf-dist/tex/latex/pgf/frontendlayer/tikz.sty
(/usr/share/texmf-dist/tex/latex/pgf/basiclayer/pgf.sty
(/usr/share/texmf-dist/tex/latex/pgf/utilities/pgfrcs.sty
(/usr/share/texmf-dist/tex/generic/pgf/utilities/pgfutil-common.tex
\pgfutil@everybye=\toks39
\pgfutil@tempdima=\dimen180
\pgfutil@tempdimb=\dimen181
)
(/usr/share/texmf-dist/tex/generic/pgf/utilities/pgfutil-latex.def
\pgfutil@abb=\box61
)
(/usr/share/texmf-dist/tex/generic/pgf/utilities/pgfrcs.code.tex
(/usr/share/texmf-dist/tex/generic/pgf/pgf.revision.tex)
Package: pgfrcs 2025-08-29 v3.1.11a (3.1.11a)
))
Package: pgf 2025-08-29 v3.1.11a (3.1.11a)

(/usr/share/texmf-dist/tex/latex/pgf/basiclayer/pgfcore.sty
(/usr/share/texmf-dist/tex/latex/pgf/systemlayer/pgfsys.sty
(/usr/share/texmf-dist/tex/generic/pgf/systemlayer/pgfsys.code.tex
Package: pgfsys 2025-08-29 v3.1.11a (3.1.11a)

(/usr/share/texmf-dist/tex/generic/pgf/utilities/pgfkeys.code.tex
\pgfkeys@pathtoks=\toks40
\pgfkeys@temptoks=\toks41

(/usr/share/texmf-dist/tex/generic/pgf/utilities/pgfkeyslibraryfiltered.code.te
x
\pgfkeys@tmptoks=\toks42
))
\pgf@x=\dimen182
\pgf@y=\dimen183
\pgf@xa=\dimen184
\pgf@ya=\dimen185
\pgf@xb=\dimen186
\pgf@yb=\dimen187
\pgf@xc=\dimen188
\pgf@yc=\dimen189
\pgf@xd=\dimen190
\pgf@yd=\dimen191
\w@pgf@writea=\write3
\r@pgf@reada=\read2
\c@pgf@counta=\count314
\c@pgf@countb=\count315
\c@pgf@countc=\count316
\c@pgf@countd=\count317
\t@pgf@toka=\toks43
\t@pgf@tokb=\toks44
\t@pgf@tokc=\toks45
\pgf@sys@id@count=\count318
 (/usr/share/texmf-dist/tex/generic/pgf/systemlayer/pgf.cfg
File: pgf.cfg 2025-08-29 v3.1.11a (3.1.11a)
)
Driver file for pgf: pgfsys-pdftex.def

(/usr/share/texmf-dist/tex/generic/pgf/systemlayer/pgfsys-pdftex.def
File: pgfsys-pdftex.def 2025-08-29 v3.1.11a (3.1.11a)

(/usr/share/texmf-dist/tex/generic/pgf/systemlayer/pgfsys-common-pdf.def
File: pgfsys-common-pdf.def 2025-08-29 v3.1.11a (3.1.11a)
)))
(/usr/share/texmf-dist/tex/generic/pgf/systemlayer/pgfsyssoftpath.code.tex
File: pgfsyssoftpath.code.tex 2025-08-29 v3.1.11a (3.1.11a)
\pgfsyssoftpath@smallbuffer@items=\count319
\pgfsyssoftpath@bigbuffer@items=\count320
)
(/usr/share/texmf-dist/tex/generic/pgf/systemlayer/pgfsysprotocol.code.tex
File: pgfsysprotocol.code.tex 2025-08-29 v3.1.11a (3.1.11a)
))
(/usr/share/texmf-dist/tex/generic/pgf/basiclayer/pgfcore.code.tex
Package: pgfcore 2025-08-29 v3.1.11a (3.1.11a)

(/usr/share/texmf-dist/tex/generic/pgf/math/pgfmath.code.tex
(/usr/share/texmf-dist/tex/generic/pgf/math/pgfmathutil.code.tex)
(/usr/share/texmf-dist/tex/generic/pgf/math/pgfmathparser.code.tex
\pgfmath@dimen=\dimen192
\pgfmath@count=\count321
\pgfmath@box=\box62
\pgfmath@toks=\toks46
\pgfmath@stack@operand=\toks47
\pgfmath@stack@operation=\toks48
)
(/usr/share/texmf-dist/tex/generic/pgf/math/pgfmathfunctions.code.tex)
(/usr/share/texmf-dist/tex/generic/pgf/math/pgfmathfunctions.basic.code.tex)
(/usr/share/texmf-dist/tex/generic/pgf/math/pgfmathfunctions.trigonometric.code
.tex)
(/usr/share/texmf-dist/tex/generic/pgf/math/pgfmathfunctions.random.code.tex)
(/usr/share/texmf-dist/tex/generic/pgf/math/pgfmathfunctions.comparison.code.te
x) (/usr/share/texmf-dist/tex/generic/pgf/math/pgfmathfunctions.base.code.tex)
(/usr/share/texmf-dist/tex/generic/pgf/math/pgfmathfunctions.round.code.tex)
(/usr/share/texmf-dist/tex/generic/pgf/math/pgfmathfunctions.misc.code.tex)
(/usr/share/texmf-dist/tex/generic/pgf/math/pgfmathfunctions.integerarithmetics
.code.tex) (/usr/share/texmf-dist/tex/generic/pgf/math/pgfmathcalc.code.tex)
(/usr/share/texmf-dist/tex/generic/pgf/math/pgfmathfloat.code.tex
\c@pgfmathroundto@lastzeros=\count322
))
(/usr/share/texmf-dist/tex/generic/pgf/math/pgfint.code.tex)
(/usr/share/texmf-dist/tex/generic/pgf/basiclayer/pgfcorepoints.code.tex
File: pgfcorepoints.code.tex 2025-08-29 v3.1.11a (3.1.11a)
\pgf@picminx=\dimen193
\pgf@picmaxx=\dimen194
\pgf@picminy=\dimen195
\pgf@picmaxy=\dimen196
\pgf@pathminx=\dimen197
\pgf@pathmaxx=\dimen198
\pgf@pathminy=\dimen199
\pgf@pathmaxy=\dimen256
\pgf@xx=\dimen257
\pgf@xy=\dimen258
\pgf@yx=\dimen259
\pgf@yy=\dimen260
\pgf@zx=\dimen261
\pgf@zy=\dimen262
)
(/usr/share/texmf-dist/tex/generic/pgf/basiclayer/pgfcorepathconstruct.code.tex
File: pgfcorepathconstruct.code.tex 2025-08-29 v3.1.11a (3.1.11a)
\pgf@path@lastx=\dimen263
\pgf@path@lasty=\dimen264
) (/usr/share/texmf-dist/tex/generic/pgf/basiclayer/pgfcorepathusage.code.tex
File: pgfcorepathusage.code.tex 2025-08-29 v3.1.11a (3.1.11a)
\pgf@shorten@end@additional=\dimen265
\pgf@shorten@start@additional=\dimen266
)
(/usr/share/texmf-dist/tex/generic/pgf/basiclayer/pgfcorescopes.code.tex
File: pgfcorescopes.code.tex 2025-08-29 v3.1.11a (3.1.11a)
\pgfpic=\box63
\pgf@hbox=\box64
\pgf@layerbox@main=\box65
\pgf@picture@serial@count=\count323
)
(/usr/share/texmf-dist/tex/generic/pgf/basiclayer/pgfcoregraphicstate.code.tex
File: pgfcoregraphicstate.code.tex 2025-08-29 v3.1.11a (3.1.11a)
\pgflinewidth=\dimen267
)
(/usr/share/texmf-dist/tex/generic/pgf/basiclayer/pgfcoretransformations.code.t
ex
File: pgfcoretransformations.code.tex 2025-08-29 v3.1.11a (3.1.11a)
\pgf@pt@x=\dimen268
\pgf@pt@y=\dimen269
\pgf@pt@temp=\dimen270
) (/usr/share/texmf-dist/tex/generic/pgf/basiclayer/pgfcorequick.code.tex
File: pgfcorequick.code.tex 2025-08-29 v3.1.11a (3.1.11a)
)
(/usr/share/texmf-dist/tex/generic/pgf/basiclayer/pgfcoreobjects.code.tex
File: pgfcoreobjects.code.tex 2025-08-29 v3.1.11a (3.1.11a)
)
(/usr/share/texmf-dist/tex/generic/pgf/basiclayer/pgfcorepathprocessing.code.te
x
File: pgfcorepathprocessing.code.tex 2025-08-29 v3.1.11a (3.1.11a)
) (/usr/share/texmf-dist/tex/generic/pgf/basiclayer/pgfcorearrows.code.tex
File: pgfcorearrows.code.tex 2025-08-29 v3.1.11a (3.1.11a)
\pgfarrowsep=\dimen271
)
(/usr/share/texmf-dist/tex/generic/pgf/basiclayer/pgfcoreshade.code.tex
File: pgfcoreshade.code.tex 2025-08-29 v3.1.11a (3.1.11a)
\pgf@max=\dimen272
\pgf@sys@shading@range@num=\count324
\pgf@shadingcount=\count325
)
(/usr/share/texmf-dist/tex/generic/pgf/basiclayer/pgfcoreimage.code.tex
File: pgfcoreimage.code.tex 2025-08-29 v3.1.11a (3.1.11a)
)
(/usr/share/texmf-dist/tex/generic/pgf/basiclayer/pgfcoreexternal.code.tex
File: pgfcoreexternal.code.tex 2025-08-29 v3.1.11a (3.1.11a)
\pgfexternal@startupbox=\box66
)
(/usr/share/texmf-dist/tex/generic/pgf/basiclayer/pgfcorelayers.code.tex
File: pgfcorelayers.code.tex 2025-08-29 v3.1.11a (3.1.11a)
)
(/usr/share/texmf-dist/tex/generic/pgf/basiclayer/pgfcoretransparency.code.tex
File: pgfcoretransparency.code.tex 2025-08-29 v3.1.11a (3.1.11a)
) (/usr/share/texmf-dist/tex/generic/pgf/basiclayer/pgfcorepatterns.code.tex
File: pgfcorepatterns.code.tex 2025-08-29 v3.1.11a (3.1.11a)
)
(/usr/share/texmf-dist/tex/generic/pgf/basiclayer/pgfcorerdf.code.tex
File: pgfcorerdf.code.tex 2025-08-29 v3.1.11a (3.1.11a)
)))
(/usr/share/texmf-dist/tex/generic/pgf/modules/pgfmoduleshapes.code.tex
File: pgfmoduleshapes.code.tex 2025-08-29 v3.1.11a (3.1.11a)
\pgfnodeparttextbox=\box67
)
(/usr/share/texmf-dist/tex/generic/pgf/modules/pgfmoduleplot.code.tex
File: pgfmoduleplot.code.tex 2025-08-29 v3.1.11a (3.1.11a)
)
(/usr/share/texmf-dist/tex/latex/pgf/compatibility/pgfcomp-version-0-65.sty
Package: pgfcomp-version-0-65 2025-08-29 v3.1.11a (3.1.11a)
\pgf@nodesepstart=\dimen273
\pgf@nodesepend=\dimen274
)
(/usr/share/texmf-dist/tex/latex/pgf/compatibility/pgfcomp-version-1-18.sty
Package: pgfcomp-version-1-18 2025-08-29 v3.1.11a (3.1.11a)
))
(/usr/share/texmf-dist/tex/latex/pgf/utilities/pgffor.sty
(/usr/share/texmf-dist/tex/latex/pgf/utilities/pgfkeys.sty
(/usr/share/texmf-dist/tex/generic/pgf/utilities/pgfkeys.code.tex))
(/usr/share/texmf-dist/tex/latex/pgf/math/pgfmath.sty
(/usr/share/texmf-dist/tex/generic/pgf/math/pgfmath.code.tex))
(/usr/share/texmf-dist/tex/generic/pgf/utilities/pgffor.code.tex
Package: pgffor 2025-08-29 v3.1.11a (3.1.11a)
\pgffor@iter=\dimen275
\pgffor@skip=\dimen276
\pgffor@stack=\toks49
\pgffor@toks=\toks50
))
(/usr/share/texmf-dist/tex/generic/pgf/frontendlayer/tikz/tikz.code.tex
Package: tikz 2025-08-29 v3.1.11a (3.1.11a)

(/usr/share/texmf-dist/tex/generic/pgf/libraries/pgflibraryplothandlers.code.te
x
File: pgflibraryplothandlers.code.tex 2025-08-29 v3.1.11a (3.1.11a)
\pgf@plot@mark@count=\count326
\pgfplotmarksize=\dimen277
)
\tikz@lastx=\dimen278
\tikz@lasty=\dimen279
\tikz@lastxsaved=\dimen280
\tikz@lastysaved=\dimen281
\tikz@lastmovetox=\dimen282
\tikz@lastmovetoy=\dimen283
\tikzleveldistance=\dimen284
\tikzsiblingdistance=\dimen285
\tikz@figbox=\box68
\tikz@figbox@bg=\box69
\tikz@tempbox=\box70
\tikz@tempbox@bg=\box71
\tikztreelevel=\count327
\tikznumberofchildren=\count328
\tikznumberofcurrentchild=\count329
\tikz@fig@count=\count330
 (/usr/share/texmf-dist/tex/generic/pgf/modules/pgfmodulematrix.code.tex
File: pgfmodulematrix.code.tex 2025-08-29 v3.1.11a (3.1.11a)
\pgfmatrixcurrentrow=\count331
\pgfmatrixcurrentcolumn=\count332
\pgf@matrix@numberofcolumns=\count333
)
\tikz@expandcount=\count334

(/usr/share/texmf-dist/tex/generic/pgf/frontendlayer/tikz/libraries/tikzlibrary
topaths.code.tex
File: tikzlibrarytopaths.code.tex 2025-08-29 v3.1.11a (3.1.11a)
)))
(/usr/share/texmf-dist/tex/generic/pgf/frontendlayer/tikz/libraries/tikzlibrary
positioning.code.tex
File: tikzlibrarypositioning.code.tex 2025-08-29 v3.1.11a (3.1.11a)
)
\c@@todonotes@numberoftodonotes=\count335
) (/usr/share/texmf-dist/tex/latex/pgfplots/pgfplots.sty
(/usr/share/texmf-dist/tex/generic/pgfplots/pgfplots.revision.tex)
Package: pgfplots 2025/08/14 v1.18.2 Data Visualization (1.18.2)

(/usr/share/texmf-dist/tex/generic/pgfplots/pgfplots.code.tex
(/usr/share/texmf-dist/tex/generic/pgfplots/pgfplotscore.code.tex
\t@pgfplots@toka=\toks51
\t@pgfplots@tokb=\toks52
\t@pgfplots@tokc=\toks53
\pgfplots@tmpa=\dimen286
\c@pgfplots@coordindex=\count336
\c@pgfplots@scanlineindex=\count337

(/usr/share/texmf-dist/tex/generic/pgfplots/sys/pgfplotssysgeneric.code.tex))
(/usr/share/texmf-dist/tex/generic/pgfplots/libs/pgfplotslibrary.code.tex)
(/usr/share/texmf-dist/tex/generic/pgfplots/oldpgfcompatib/pgfplotsoldpgfsupp_l
oader.code.tex
(/usr/share/texmf-dist/tex/generic/pgf/libraries/pgflibraryfpu.code.tex)
(/usr/share/texmf-dist/tex/generic/pgfplots/oldpgfcompatib/pgfplotsoldpgfsupp_p
gfutil-common-lists.tex))
(/usr/share/texmf-dist/tex/generic/pgfplots/util/pgfplotsutil.code.tex
(/usr/share/texmf-dist/tex/generic/pgfplots/liststructure/pgfplotsliststructure
.code.tex)
(/usr/share/texmf-dist/tex/generic/pgfplots/liststructure/pgfplotsliststructure
ext.code.tex)
(/usr/share/texmf-dist/tex/generic/pgfplots/liststructure/pgfplotsarray.code.te
x
\c@pgfplotsarray@tmp=\count338
)
(/usr/share/texmf-dist/tex/generic/pgfplots/liststructure/pgfplotsmatrix.code.t
ex)
(/usr/share/texmf-dist/tex/generic/pgfplots/numtable/pgfplotstableshared.code.t
ex
\c@pgfplotstable@counta=\count339
\t@pgfplotstable@a=\toks54
)
(/usr/share/texmf-dist/tex/generic/pgfplots/liststructure/pgfplotsdeque.code.te
x) (/usr/share/texmf-dist/tex/generic/pgfplots/util/pgfplotsbinary.code.tex
(/usr/share/texmf-dist/tex/generic/pgfplots/util/pgfplotsbinary.data.code.tex))
(/usr/share/texmf-dist/tex/generic/pgfplots/util/pgfplotsutil.verb.code.tex)
(/usr/share/texmf-dist/tex/generic/pgfplots/libs/pgflibrarypgfplots.surfshading
.code.tex
\c@pgfplotslibrarysurf@no=\count340

(/usr/share/texmf-dist/tex/generic/pgfplots/sys/pgflibrarypgfplots.surfshading.
pgfsys-pdftex.def)))
(/usr/share/texmf-dist/tex/generic/pgfplots/util/pgfplotscolormap.code.tex
(/usr/share/texmf-dist/tex/generic/pgfplots/util/pgfplotscolor.code.tex))
(/usr/share/texmf-dist/tex/generic/pgfplots/pgfplotsstackedplots.code.tex)
(/usr/share/texmf-dist/tex/generic/pgfplots/pgfplotsplothandlers.code.tex
(/usr/share/texmf-dist/tex/generic/pgfplots/pgfplotsmeshplothandler.code.tex
(/usr/share/texmf-dist/tex/generic/pgfplots/pgfplotsmeshplotimage.code.tex)))
(/usr/share/texmf-dist/tex/generic/pgfplots/pgfplots.scaling.code.tex)
(/usr/share/texmf-dist/tex/generic/pgfplots/pgfplotscoordprocessing.code.tex)
(/usr/share/texmf-dist/tex/generic/pgfplots/pgfplots.errorbars.code.tex)
(/usr/share/texmf-dist/tex/generic/pgfplots/pgfplots.markers.code.tex)
(/usr/share/texmf-dist/tex/generic/pgfplots/pgfplotsticks.code.tex)
(/usr/share/texmf-dist/tex/generic/pgfplots/pgfplots.paths.code.tex)
(/usr/share/texmf-dist/tex/generic/pgf/frontendlayer/tikz/libraries/tikzlibrary
decorations.code.tex
(/usr/share/texmf-dist/tex/generic/pgf/modules/pgfmoduledecorations.code.tex
\pgfdecoratedcompleteddistance=\dimen287
\pgfdecoratedremainingdistance=\dimen288
\pgfdecoratedinputsegmentcompleteddistance=\dimen289
\pgfdecoratedinputsegmentremainingdistance=\dimen290
\pgf@decorate@distancetomove=\dimen291
\pgf@decorate@repeatstate=\count341
\pgfdecorationsegmentamplitude=\dimen292
\pgfdecorationsegmentlength=\dimen293
)
\tikz@lib@dec@box=\box72
)
(/usr/share/texmf-dist/tex/generic/pgf/frontendlayer/tikz/libraries/tikzlibrary
decorations.pathmorphing.code.tex
(/usr/share/texmf-dist/tex/generic/pgf/libraries/decorations/pgflibrarydecorati
ons.pathmorphing.code.tex))
(/usr/share/texmf-dist/tex/generic/pgf/frontendlayer/tikz/libraries/tikzlibrary
decorations.pathreplacing.code.tex
(/usr/share/texmf-dist/tex/generic/pgf/libraries/decorations/pgflibrarydecorati
ons.pathreplacing.code.tex))
(/usr/share/texmf-dist/tex/generic/pgfplots/libs/tikzlibrarypgfplots.contourlua
.code.tex)
\pgfplots@numplots=\count342
\pgfplots@xmin@reg=\dimen294
\pgfplots@xmax@reg=\dimen295
\pgfplots@ymin@reg=\dimen296
\pgfplots@ymax@reg=\dimen297
\pgfplots@zmin@reg=\dimen298
\pgfplots@zmax@reg=\dimen299
)
(/usr/share/texmf-dist/tex/generic/pgf/frontendlayer/tikz/libraries/tikzlibrary
plotmarks.code.tex
File: tikzlibraryplotmarks.code.tex 2025-08-29 v3.1.11a (3.1.11a)

(/usr/share/texmf-dist/tex/generic/pgf/libraries/pgflibraryplotmarks.code.tex
File: pgflibraryplotmarks.code.tex 2025-08-29 v3.1.11a (3.1.11a)
))) (/usr/share/texmf-dist/tex/latex/pgfplots/pgfplotstable.sty
(/usr/share/texmf-dist/tex/generic/pgfplots/pgfplots.revision.tex)
Package: pgfplotstable 2025/08/14 v1.18.2 Table typesetting and Pretty-printing
 (1.18.2)

(/usr/share/texmf-dist/tex/generic/pgfplots/numtable/pgfplotstable.code.tex
(/usr/share/texmf-dist/tex/generic/pgfplots/numtable/pgfplotstable.coltype.code
.tex))) (/usr/share/texmf-dist/tex/latex/doublestroke/dsfont.sty
Package: dsfont 1995/08/01 v0.1 Double stroke roman fonts
)
(/usr/share/texmf-dist/tex/latex/algorithm2e/algorithm2e.sty
Package: algorithm2e 2017/07/18 v5.2 algorithms environments
\c@AlgoLine=\count343
\algocf@hangindent=\skip69

(/usr/share/texmf-dist/tex/latex/ifoddpage/ifoddpage.sty
Package: ifoddpage 2022/10/18 v1.2 Conditionals for odd/even page detection
\c@checkoddpage=\count344
)
(/usr/share/texmf-dist/tex/latex/tools/xspace.sty
Package: xspace 2014/10/28 v1.13 Space after command names (DPC,MH)
)
(/usr/share/texmf-dist/tex/latex/relsize/relsize.sty
Package: relsize 2013/03/29 ver 4.1
)
\skiptotal=\skip70
\skiplinenumber=\skip71
\skiprule=\skip72
\skiphlne=\skip73
\skiptext=\skip74
\skiplength=\skip75
\algomargin=\skip76
\skipalgocfslide=\skip77
\algowidth=\dimen300
\inoutsize=\dimen301
\inoutindent=\dimen302
\interspacetitleruled=\dimen303
\interspacealgoruled=\dimen304
\interspacetitleboxruled=\dimen305
\algocf@ruledwidth=\skip78
\algocf@inoutbox=\box73
\algocf@inputbox=\box74
\AlCapSkip=\skip79
\AlCapHSkip=\skip80
\algoskipindent=\skip81
\algocf@nlbox=\box75
\algocf@hangingbox=\box76
\algocf@untilbox=\box77
\algocf@skipuntil=\skip82
\algocf@capbox=\box78
\algocf@lcaptionbox=\skip83
\algoheightruledefault=\skip84
\algoheightrule=\skip85
\algotitleheightruledefault=\skip86
\algotitleheightrule=\skip87
\c@algocfline=\count345
\c@algocfproc=\count346
\c@algocf=\count347
\algocf@algoframe=\box79
\algocf@algobox=\box80
)
(/usr/share/texmf-dist/tex/latex/stmaryrd/stmaryrd.sty
Package: stmaryrd 1994/03/03 St Mary's Road symbol package
\symstmry=\mathgroup6
LaTeX Font Info:    Overwriting symbol font `stmry' in version `bold'
(Font)                  U/stmry/m/n --> U/stmry/b/n on input line 89.
)
(/usr/share/texmf-dist/tex/latex/caption/subcaption.sty
Package: subcaption 2023/07/28 v1.6b Sub-captions (AR)

(/usr/share/texmf-dist/tex/latex/caption/caption.sty
Package: caption 2023/08/05 v3.6o Customizing captions (AR)

(/usr/share/texmf-dist/tex/latex/caption/caption3.sty
Package: caption3 2023/07/31 v2.4d caption3 kernel (AR)
\caption@tempdima=\dimen306
\captionmargin=\dimen307
\caption@leftmargin=\dimen308
\caption@rightmargin=\dimen309
\caption@width=\dimen310
\caption@indent=\dimen311
\caption@parindent=\dimen312
\caption@hangindent=\dimen313
Package caption Info: Unknown document class (or package),
(caption)             standard defaults will be used.
Package caption Info: \@makecaption = \long macro:#1#2->\vskip \abovecaptionski
p \figurecaption@size \sbox \@tempboxa {{\figurename@size #1}\figurename@skip #
2}\ifdim \wd \@tempboxa >\hsize {\figurename@size #1}\figurename@skip #2\par \e
lse \global \@minipagefalse \hb@xt@ \hsize {\hfil \box \@tempboxa \hfil }\fi \v
skip \belowcaptionskip  on input line 1175.
)

Package caption Warning: Unknown document class (or package),
(caption)                standard defaults will be used.
See the caption package documentation for explanation.

\c@caption@flags=\count348
\c@continuedfloat=\count349
)
Package caption Info: New subtype `subfigure' on input line 238.
\c@subfigure=\count350
Package caption Info: New subtype `subtable' on input line 238.
\c@subtable=\count351
)
(/usr/share/texmf-dist/tex/generic/pgf/frontendlayer/tikz/libraries/tikzlibrary
spy.code.tex
File: tikzlibraryspy.code.tex 2025-08-29 v3.1.11a (3.1.11a)
\tikz@lib@spybox=\box81
) (/usr/share/texmf-dist/tex/latex/nicematrix/nicematrix.sty
Package: nicematrix 2026/02/22 v7.7 Enhanced arrays with the help of PGF/TikZ
\l__nicematrix_tmpc_dim=\dimen314
\l__nicematrix_tmpd_dim=\dimen315
\l__nicematrix_tmpc_int=\count352
\g__nicematrix_env_int=\count353
\l__nicematrix_the_array_box=\box82
\g__nicematrix_NiceMatrixBlock_int=\count354
\g__nicematrix_notes_caption_int=\count355
\l__nicematrix_columns_width_dim=\dimen316
\l__nicematrix_col_width_dim=\dimen317
\g__nicematrix_row_total_int=\count356
\g__nicematrix_col_total_int=\count357
\g__nicematrix_last_row_node_int=\count358
\l__nicematrix_key_nb_rows_int=\count359
\g__nicematrix_blocks_wd_dim=\dimen318
\g__nicematrix_blocks_ht_dim=\dimen319
\g__nicematrix_blocks_dp_dim=\dimen320
\l__nicematrix_width_dim=\dimen321
\l__nicematrix_tabular_width_dim=\dimen322
\l__nicematrix_rule_width_dim=\dimen323
\l__nicematrix_old_iRow_int=\count360
\l__nicematrix_old_jCol_int=\count361
\l__nicematrix_X_columns_dim=\dimen324
\l__nicematrix_brace_shift_dim=\dimen325
\l__nicematrix_x_initial_dim=\dimen326
\l__nicematrix_y_initial_dim=\dimen327
\l__nicematrix_x_final_dim=\dimen328
\l__nicematrix_y_final_dim=\dimen329
\g__nicematrix_dp_row_zero_dim=\dimen330
\g__nicematrix_ht_row_zero_dim=\dimen331
\g__nicematrix_ht_row_one_dim=\dimen332
\g__nicematrix_dp_ante_last_row_dim=\dimen333
\g__nicematrix_ht_last_row_dim=\dimen334
\g__nicematrix_dp_last_row_dim=\dimen335
\g__nicematrix_width_last_col_dim=\dimen336
\g__nicematrix_width_first_col_dim=\dimen337
\g__nicematrix_ddots_int=\count362
\g__nicematrix_iddots_int=\count363
\g__nicematrix_delta_x_one_dim=\dimen338
\g__nicematrix_delta_y_one_dim=\dimen339
\g__nicematrix_delta_x_two_dim=\dimen340
\g__nicematrix_delta_y_two_dim=\dimen341
\l__nicematrix_row_min_int=\count364
\l__nicematrix_row_max_int=\count365
\l__nicematrix_col_min_int=\count366
\l__nicematrix_col_max_int=\count367
\l__nicematrix_initial_i_int=\count368
\l__nicematrix_initial_j_int=\count369
\l__nicematrix_final_i_int=\count370
\l__nicematrix_final_j_int=\count371
\l__nicematrix_start_int=\count372
\l__nicematrix_end_int=\count373
\l__nicematrix_local_start_int=\count374
\l__nicematrix_local_end_int=\count375
\g__nicematrix_static_num_of_col_int=\count376
\l__nicematrix_rounded_corners_dim=\dimen342
\l__nicematrix_tab_rounded_corners_dim=\dimen343
\l__nicematrix_offset_dim=\dimen344
\l__nicematrix_line_width_dim=\dimen345
\g__nicematrix_block_box_int=\count377
\l__nicematrix_submatrix_extra_height_dim=\dimen346
\l__nicematrix_submatrix_left_xshift_dim=\dimen347
\l__nicematrix_submatrix_right_xshift_dim=\dimen348
\l__nicematrix_first_row_int=\count378
\l__nicematrix_first_col_int=\count379
\l__nicematrix_last_row_int=\count380
\l__nicematrix_last_col_int=\count381
\c@tabularnote=\count382
\g__nicematrix_tabularnote_int=\count383
\c@nicematrix_draft=\count384
\l__nicematrix_cell_space_top_limit_dim=\dimen349
\l__nicematrix_cell_space_bottom_limit_dim=\dimen350
\l__nicematrix_xdots_inter_dim=\dimen351
\l__nicematrix_xdots_shorten_start_dim=\dimen352
\l__nicematrix_xdots_shorten_end_dim=\dimen353
\l__nicematrix_xdots_radius_dim=\dimen354
\l__nicematrix_left_margin_dim=\dimen355
\l__nicematrix_right_margin_dim=\dimen356
\l__nicematrix_extra_left_margin_dim=\dimen357
\l__nicematrix_extra_right_margin_dim=\dimen358
\c__nicematrix_max_l_dim=\dimen359
\l__nicematrix_position_int=\count385
\l__nicematrix_multiplicity_int=\count386
\l__nicematrix_brace_yshift_dim=\dimen360
)
(/usr/share/texmf-dist/tex/latex/enumitem/enumitem.sty
Package: enumitem 2025/02/06 v3.11 Customized lists
\labelindent=\skip88
\enit@outerparindent=\dimen361
\enit@toks=\toks55
\enit@inbox=\box83
\enit@count@id=\count387
\enitdp@description=\count388
)
(/usr/share/texmf-dist/tex/latex/accents/accents.sty
Package: accents 2006/05/12 v1.4 Math Accent Tools
\cc@skew=\dimen362
\cc@wd=\dimen363
\cc@code=\count389
\cc@group=\count390
\cc@skewchar=\count391
)
(/usr/share/texmf-dist/tex/latex/algorithmicx/algpseudocode.sty
Package: algpseudocode 

(/usr/share/texmf-dist/tex/latex/algorithmicx/algorithmicx.sty
Package: algorithmicx 2005/04/27 v1.2 Algorithmicx

Document Style algorithmicx 1.2 - a greatly improved `algorithmic' style
\c@ALG@line=\count392
\c@ALG@rem=\count393
\c@ALG@nested=\count394
\ALG@tlm=\skip89
\ALG@thistlm=\skip90
\c@ALG@Lnr=\count395
\c@ALG@blocknr=\count396
\c@ALG@storecount=\count397
\c@ALG@tmpcounter=\count398
\ALG@tmplength=\skip91
)
Document Style - pseudocode environments for use with the `algorithmicx' style
)
\c@equivcondi=\count399
\enitdp@equivcond=\count400
 (/usr/share/texmf-dist/tex/latex/appendix/appendix.sty
Package: appendix 2020/02/08 v1.2c extra appendix facilities
\c@@pps=\count401
\c@@ppsavesec=\count402
\c@@ppsaveapp=\count403
)
(/usr/share/texmf-dist/tex/latex/hyperref/hyperref.sty
Package: hyperref 2026-01-29 v7.01p Hypertext links for LaTeX

(/usr/share/texmf-dist/tex/latex/kvsetkeys/kvsetkeys.sty
Package: kvsetkeys 2022-10-05 v1.19 Key value parser (HO)
)
(/usr/share/texmf-dist/tex/generic/kvdefinekeys/kvdefinekeys.sty
Package: kvdefinekeys 2019-12-19 v1.6 Define keys (HO)
)
(/usr/share/texmf-dist/tex/generic/pdfescape/pdfescape.sty
Package: pdfescape 2019/12/09 v1.15 Implements pdfTeX's escape features (HO)

(/usr/share/texmf-dist/tex/generic/ltxcmds/ltxcmds.sty
Package: ltxcmds 2023-12-04 v1.26 LaTeX kernel commands for general use (HO)
)
(/usr/share/texmf-dist/tex/generic/pdftexcmds/pdftexcmds.sty
Package: pdftexcmds 2020-06-27 v0.33 Utility functions of pdfTeX for LuaTeX (HO
)

(/usr/share/texmf-dist/tex/generic/infwarerr/infwarerr.sty
Package: infwarerr 2019/12/03 v1.5 Providing info/warning/error messages (HO)
)
Package pdftexcmds Info: \pdf@primitive is available.
Package pdftexcmds Info: \pdf@ifprimitive is available.
Package pdftexcmds Info: \pdfdraftmode found.
))
(/usr/share/texmf-dist/tex/latex/hycolor/hycolor.sty
Package: hycolor 2020-01-27 v1.10 Color options for hyperref/bookmark (HO)
)
(/usr/share/texmf-dist/tex/latex/hyperref/nameref.sty
Package: nameref 2026-01-29 v2.58 Cross-referencing by name of section

(/usr/share/texmf-dist/tex/latex/refcount/refcount.sty
Package: refcount 2019/12/15 v3.6 Data extraction from label references (HO)
)
(/usr/share/texmf-dist/tex/generic/gettitlestring/gettitlestring.sty
Package: gettitlestring 2019/12/15 v1.6 Cleanup title references (HO)

(/usr/share/texmf-dist/tex/latex/kvoptions/kvoptions.sty
Package: kvoptions 2022-06-15 v3.15 Key value format for package options (HO)
))
\c@section@level=\count404
)
(/usr/share/texmf-dist/tex/generic/stringenc/stringenc.sty
Package: stringenc 2019/11/29 v1.12 Convert strings between diff. encodings (HO
)
)
\@linkdim=\dimen364
\Hy@linkcounter=\count405
\Hy@pagecounter=\count406

(/usr/share/texmf-dist/tex/latex/hyperref/pd1enc.def
File: pd1enc.def 2026-01-29 v7.01p Hyperref: PDFDocEncoding definition (HO)
Now handling font encoding PD1 ...
... no UTF-8 mapping file for font encoding PD1
)
(/usr/share/texmf-dist/tex/generic/intcalc/intcalc.sty
Package: intcalc 2019/12/15 v1.3 Expandable calculations with integers (HO)
)
\Hy@SavedSpaceFactor=\count407

(/usr/share/texmf-dist/tex/latex/hyperref/puenc.def
File: puenc.def 2026-01-29 v7.01p Hyperref: PDF Unicode definition (HO)
Now handling font encoding PU ...
... no UTF-8 mapping file for font encoding PU
)
Package hyperref Info: Option `colorlinks' set `true' on input line 4072.
Package hyperref Info: Option `linktocpage' set `true' on input line 4072.
Package hyperref Info: Option `colorlinks' set `true' on input line 4072.
Package hyperref Info: Hyper figures OFF on input line 4201.
Package hyperref Info: Link nesting OFF on input line 4206.
Package hyperref Info: Hyper index ON on input line 4209.
Package hyperref Info: Plain pages OFF on input line 4216.
Package hyperref Info: Backreferencing ON on input line 4219.
Package hyperref Info: Implicit mode ON; LaTeX internals redefined.
Package hyperref Info: Bookmarks ON on input line 4468.

(/usr/share/texmf-dist/tex/latex/hyperref/backref.sty
Package: backref 2025-06-21 v1.45 Bibliographical back referencing

(/usr/share/texmf-dist/tex/latex/rerunfilecheck/rerunfilecheck.sty
Package: rerunfilecheck 2025-06-21 v1.11 Rerun checks for auxiliary files (HO)

(/usr/share/texmf-dist/tex/generic/uniquecounter/uniquecounter.sty
Package: uniquecounter 2019/12/15 v1.4 Provide unlimited unique counter (HO)

(/usr/share/texmf-dist/tex/generic/bigintcalc/bigintcalc.sty
Package: bigintcalc 2019/12/15 v1.5 Expandable calculations on big integers (HO
)
))
Package uniquecounter Info: New unique counter `rerunfilecheck' on input line 2
84.
))
\c@Hy@tempcnt=\count408

(/usr/share/texmf-dist/tex/latex/url/url.sty
\Urlmuskip=\muskip18
Package: url 2013/09/16  ver 3.4  Verb mode for urls, etc.
)
LaTeX Info: Redefining \url on input line 4807.
\XeTeXLinkMargin=\dimen365

(/usr/share/texmf-dist/tex/generic/bitset/bitset.sty
Package: bitset 2019/12/09 v1.3 Handle bit-vector datatype (HO)
)
\Fld@menulength=\count409
\Field@Width=\dimen366
\Fld@charsize=\dimen367
Package hyperref Info: Hyper figures OFF on input line 6084.
Package hyperref Info: Link nesting OFF on input line 6089.
Package hyperref Info: Hyper index ON on input line 6092.
Package hyperref Info: backreferencing ON on input line 6097.
Package hyperref Info: Link coloring ON on input line 6102.
Package hyperref Info: Link coloring with OCG OFF on input line 6109.
Package hyperref Info: PDF/A mode OFF on input line 6114.
\Hy@abspage=\count410
\c@Item=\count411
\c@Hfootnote=\count412
)
Package hyperref Info: Driver (autodetected): hpdftex.

(/usr/share/texmf-dist/tex/latex/hyperref/hpdftex.def
File: hpdftex.def 2026-01-29 v7.01p Hyperref driver for pdfTeX
\Fld@listcount=\count413
\c@bookmark@seq@number=\count414
\Hy@SectionHShift=\skip92
)
(/usr/share/texmf-dist/tex/latex/cleveref/cleveref.sty
Package: cleveref 2018/03/27 v0.21.4 Intelligent cross-referencing
Package cleveref Info: `hyperref' support loaded on input line 2370.
LaTeX Info: Redefining \cref on input line 2370.
LaTeX Info: Redefining \Cref on input line 2370.
LaTeX Info: Redefining \crefrange on input line 2370.
LaTeX Info: Redefining \Crefrange on input line 2370.
LaTeX Info: Redefining \cpageref on input line 2370.
LaTeX Info: Redefining \Cpageref on input line 2370.
LaTeX Info: Redefining \cpagerefrange on input line 2370.
LaTeX Info: Redefining \Cpagerefrange on input line 2370.
LaTeX Info: Redefining \labelcref on input line 2370.
LaTeX Info: Redefining \labelcpageref on input line 2370.
Package cleveref Info: `amsthm' support loaded on input line 3026.
Package cleveref Info: `algorithmicx' support loaded on input line 3120.
Package cleveref Info: `algorithm2e' support loaded on input line 3147.
Package cleveref Info: always capitalise cross-reference names on input line 78
25.
Package cleveref Info: always capitalise cross-reference names on input line 78
52.
)
==> First Aid for cleveref.sty applied!
\c@corollary=\count415
\c@theorem=\count416
\c@proposition=\count417
\c@remark=\count418
\c@refproof=\count419
(/usr/share/texmf-dist/tex/latex/l3backend/l3backend-pdftex.def
File: l3backend-pdftex.def 2025-10-09 L3 backend support: PDF output (pdfTeX)
\l__color_backend_stack_int=\count420
)
(./binary_variable_selection.aux)
\openout1 = `binary_variable_selection.aux'.

LaTeX Font Info:    Checking defaults for OML/cmm/m/it on input line 140.
LaTeX Font Info:    ... okay on input line 140.
LaTeX Font Info:    Checking defaults for OMS/cmsy/m/n on input line 140.
LaTeX Font Info:    ... okay on input line 140.
LaTeX Font Info:    Checking defaults for OT1/cmr/m/n on input line 140.
LaTeX Font Info:    ... okay on input line 140.
LaTeX Font Info:    Checking defaults for T1/cmr/m/n on input line 140.
LaTeX Font Info:    ... okay on input line 140.
LaTeX Font Info:    Checking defaults for TS1/cmr/m/n on input line 140.
LaTeX Font Info:    ... okay on input line 140.
LaTeX Font Info:    Checking defaults for OMX/cmex/m/n on input line 140.
LaTeX Font Info:    ... okay on input line 140.
LaTeX Font Info:    Checking defaults for U/cmr/m/n on input line 140.
LaTeX Font Info:    ... okay on input line 140.
LaTeX Font Info:    Checking defaults for PD1/pdf/m/n on input line 140.
LaTeX Font Info:    ... okay on input line 140.
LaTeX Font Info:    Checking defaults for PU/pdf/m/n on input line 140.
LaTeX Font Info:    ... okay on input line 140.

(/usr/share/texmf-dist/tex/context/base/mkii/supp-pdf.mkii
[Loading MPS to PDF converter (version 2006.09.02).]
\scratchcounter=\count421
\scratchdimen=\dimen368
\scratchbox=\box84
\nofMPsegments=\count422
\nofMParguments=\count423
\everyMPshowfont=\toks56
\MPscratchCnt=\count424
\MPscratchDim=\dimen369
\MPnumerator=\count425
\makeMPintoPDFobject=\count426
\everyMPtoPDFconversion=\toks57
) (/usr/share/texmf-dist/tex/latex/epstopdf-pkg/epstopdf-base.sty
Package: epstopdf-base 2020-01-24 v2.11 Base part for package epstopdf

(/usr/share/texmf-dist/tex/latex/grfext/grfext.sty
Package: grfext 2019/12/03 v1.3 Manage graphics extensions (HO)
)
Package epstopdf-base Info: Redefining graphics rule for `.eps' on input line 4
85.
Package grfext Info: Graphics extension search list:
(grfext)             [.pdf,.png,.jpg,.mps,.jpeg,.jbig2,.jb2,.PDF,.PNG,.JPG,.JPE
G,.JBIG2,.JB2,.eps]
(grfext)             \AppendGraphicsExtensions on input line 504.

(/usr/share/texmf-dist/tex/latex/latexconfig/epstopdf-sys.cfg
File: epstopdf-sys.cfg 2010/07/13 v1.3 Configuration of (r)epstopdf for TeX Liv
e
))
Package pgfplots notification 'compat/show suggested version=true': document ha
s been generated with the most recent feature set (\pgfplotsset{compat=1.18}).

Package caption Info: Begin \AtBeginDocument code.
Package caption Info: hyperref package is loaded.
Package caption Info: End \AtBeginDocument code.
\c__nicematrix_shift_Ldots_last_row_dim=\dimen370
\c__nicematrix_innersep_middle_dim=\dimen371
\c@tabularnotesi=\count427
\enitdp@tabularnotes=\count428
\c@tabularnotes*i=\count429
\enitdp@tabularnotes*=\count430
Package backref Info: ** backref set up for natbib ** on input line 140.
Package hyperref Info: Link coloring ON on input line 140.
(./binary_variable_selection.out) (./binary_variable_selection.out)
\@outlinefile=\write4
\openout4 = `binary_variable_selection.out'.

LaTeX Font Info:    Calculating math sizes for size <11> on input line 143.


LaTeX Font Warning: Font shape `OT1/cmr/m/n' in size <5.5> not available
(Font)              size <5> substituted on input line 143.


LaTeX Font Warning: Font shape `OML/cmm/m/it' in size <5.5> not available
(Font)              size <5> substituted on input line 143.


LaTeX Font Warning: Font shape `OMS/cmsy/m/n' in size <5.5> not available
(Font)              size <5> substituted on input line 143.

LaTeX Font Info:    Trying to load font information for U+msa on input line 143
.
(/usr/share/texmf-dist/tex/latex/amsfonts/umsa.fd
File: umsa.fd 2013/01/14 v3.01 AMS symbols A
)
LaTeX Font Info:    Trying to load font information for U+msb on input line 143
.

(/usr/share/texmf-dist/tex/latex/amsfonts/umsb.fd
File: umsb.fd 2013/01/14 v3.01 AMS symbols B
)
LaTeX Font Info:    Trying to load font information for U+stmry on input line 1
43.

(/usr/share/texmf-dist/tex/latex/stmaryrd/Ustmry.fd)

LaTeX Font Warning: Font shape `U/stmry/m/n' in size <5.5> not available
(Font)              size <5> substituted on input line 143.


LaTeX Font Warning: Font shape `T1/ptm/m/scit' undefined
(Font)              using `T1/ptm/m/it' instead on input line 164.


LaTeX Font Warning: Font shape `T1/ptm/m/scit' undefined
(Font)              using `T1/ptm/m/it' instead on input line 167.


LaTeX Warning: Reference `sec:application' on page 1 undefined on input line 21
3.


LaTeX Warning: Reference `sec:spectral_gap_limitation' on page 1 undefined on i
nput line 213.


LaTeX Warning: Reference `sec:smc' on page 1 undefined on input line 232.


LaTeX Warning: Reference `sec:spectral_gap_limitation' on page 1 undefined on i
nput line 232.


LaTeX Warning: Reference `ass:chisquare_is_small' on page 1 undefined on input 
line 234.


LaTeX Warning: Reference `ass:spg' on page 1 undefined on input line 237.


Package hyperref Warning: Difference (3) between bookmark levels is greater 
(hyperref)                than one, level fixed on input line 256.

[1{/var/lib/texmf/fonts/map/pdftex/updmap/pdftex.map}{/usr/share/texmf-dist/fon
ts/enc/dvips/base/8r.enc}

] [2]
Overfull \hbox (26.93509pt too wide) detected at line 441
[] \OML/cmm/m/it/10.95 ^^U[][]n[]X[]X[][] \OMS/cmsy/m/n/10.95 ^^U \OML/cmm/m/it
/10.95 C[];  \U/msb/m/n/11 E[][][] [] \OML/cmm/m/it/10.95 n[][]\OMS/cmsy/m/n/10
.95 h\OT1/cmr/m/n/10.95 (\OML/cmm/m/it/10.95 I \OMS/cmsy/m/n/10.95 ^^@ \OT1/cmr
/m/n/10.95 P[])\OML/cmm/m/it/10.95 X[]; Z\OMS/cmsy/m/n/10.95 i[][] ^^T [][]\OML
/cmm/m/it/10.95 :
 []

[3]

LaTeX Warning: Reference `sub:background' on page 4 undefined on input line 545
.


Overfull \hbox (3.56917pt too wide) detected at line 551
[][][][]\OML/cmm/m/it/10.95 ^^W [][]\OT1/cmr/m/n/10.95 = \OML/cmm/m/it/10.95 p;
  g[] [][]\OT1/cmr/m/n/10.95 = \OML/cmm/m/it/10.95 m[];  ^^Y[]\OT1/cmr/m/n/10.9
5 (d\OML/cmm/m/it/10.95 x\OT1/cmr/m/n/10.95 ) = []\OML/cmm/m/it/10.95 ;  Z\OT1/
cmr/m/n/10.95 (\OML/cmm/m/it/10.95 ^^U\OT1/cmr/m/n/10.95 ) [][]= \OML/cmm/m/it/
10.95 p\OT1/cmr/m/n/10.95 (\OML/cmm/m/it/10.95 m[]\OT1/cmr/m/n/10.95 ) = [] \OM
L/cmm/m/it/10.95 p\OT1/cmr/m/n/10.95 (\OML/cmm/m/it/10.95 x\OT1/cmr/m/n/10.95 )
\OML/cmm/m/it/10.95 m\OT1/cmr/m/n/10.95 (\OML/cmm/m/it/10.95 x\OT1/cmr/m/n/10.9
5 )[]\OML/cmm/m/it/10.95 ;
 []

[4] [5]

LaTeX Font Warning: Font shape `OT1/cmr/bx/n' in size <5.5> not available
(Font)              size <5> substituted on input line 746.


LaTeX Warning: Reference `sub:background' on page 6 undefined on input line 759
.


LaTeX Warning: Reference `ass:spg' on page 6 undefined on input line 763.

[6]
Overfull \hbox (102.67392pt too wide) detected at line 827
[] []\OML/cmm/m/it/10.95 ^^V\OT1/cmr/m/n/10.95 (\OML/cmm/m/it/10.95 a\OT1/cmr/m
/n/10.95 )\OMS/cmsy/m/n/10.95 E[]\OT1/cmr/m/n/10.95 (\OML/cmm/m/it/10.95 f\OT1/
cmr/m/n/10.95 ) = [] [] [] \OML/cmm/m/it/10.95 ^^V\OT1/cmr/m/n/10.95 (\OML/cmm/
m/it/10.95 x\OT1/cmr/m/n/10.95 )\OML/cmm/m/it/10.95 K\OT1/cmr/m/n/10.95 (\OML/c
mm/m/it/10.95 x; y\OT1/cmr/m/n/10.95 )\OMS/cmsy/m/n/10.95 f\OML/cmm/m/it/10.95 
f\OT1/cmr/m/n/10.95 (\OML/cmm/m/it/10.95 x\OT1/cmr/m/n/10.95 ) \OMS/cmsy/m/n/10
.95 ^^@ \OML/cmm/m/it/10.95 f\OT1/cmr/m/n/10.95 (\OML/cmm/m/it/10.95 y\OT1/cmr/
m/n/10.95 )\OMS/cmsy/m/n/10.95 g[]  ^^T  [] [] \OML/cmm/m/it/10.95 ^^V\OT1/cmr/
m/n/10.95 (\OML/cmm/m/it/10.95 x\OT1/cmr/m/n/10.95 )\OML/cmm/m/it/10.95 K\OT1/c
mr/m/n/10.95 (\OML/cmm/m/it/10.95 x; y\OT1/cmr/m/n/10.95 )\OMS/cmsy/m/n/10.95 f
\OML/cmm/m/it/10.95 f\OT1/cmr/m/n/10.95 (\OML/cmm/m/it/10.95 x\OT1/cmr/m/n/10.9
5 ) \OMS/cmsy/m/n/10.95 ^^@ \OML/cmm/m/it/10.95 f\OT1/cmr/m/n/10.95 (\OML/cmm/m
/it/10.95 y\OT1/cmr/m/n/10.95 )\OMS/cmsy/m/n/10.95 g[] \OT1/cmr/m/n/10.95 = \OM
S/cmsy/m/n/10.95 E[]\OT1/cmr/m/n/10.95 (\OML/cmm/m/it/10.95 f\OT1/cmr/m/n/10.95
 )\OML/cmm/m/it/10.95 ;
 []

[7]
Overfull \hbox (24.10942pt too wide) detected at line 917
[] []  [] \OML/cmm/m/it/10.95 Q\OT1/cmr/m/n/10.95 (\OML/cmm/m/it/10.95 x; y\OT1
/cmr/m/n/10.95 )\OMS/cmsy/m/n/10.95 f\OML/cmm/m/it/10.95 f\OT1/cmr/m/n/10.95 (\
OML/cmm/m/it/10.95 x\OT1/cmr/m/n/10.95 ) \OMS/cmsy/m/n/10.95 ^^@ []\OML/cmm/m/i
t/10.95 f\OT1/cmr/m/n/10.95 (\OML/cmm/m/it/10.95 a\OT1/cmr/m/n/10.95 )\OMS/cmsy
/m/n/10.95 g[] \OT1/cmr/m/n/10.95 = [] [] \OML/cmm/m/it/10.95 ^^V\OT1/cmr/m/n/1
0.95 (\OML/cmm/m/it/10.95 x\OT1/cmr/m/n/10.95 )\OML/cmm/m/it/10.95 K[]x; \OMS/c
msy/m/n/10.95 X n \OML/cmm/m/it/10.95 B[][]\OMS/cmsy/m/n/10.95 f\OML/cmm/m/it/1
0.95 f\OT1/cmr/m/n/10.95 (\OML/cmm/m/it/10.95 x\OT1/cmr/m/n/10.95 ) \OMS/cmsy/m
/n/10.95 ^^@ []\OML/cmm/m/it/10.95 f\OT1/cmr/m/n/10.95 (\OML/cmm/m/it/10.95 a\O
T1/cmr/m/n/10.95 (\OML/cmm/m/it/10.95 x\OT1/cmr/m/n/10.95 ))\OMS/cmsy/m/n/10.95
 g[] ^^T []\OML/cmm/m/it/10.95 V[];
 []

[8] [9]

LaTeX Font Warning: Font shape `OT1/cmss/m/n' in size <5.5> not available
(Font)              size <5> substituted on input line 1074.

[10]

Package amsthm Warning: The \qedhere command may not work correctly here on inp
ut line 1206.

[11]

Package amsthm Warning: The \qedhere command may not work correctly here on inp
ut line 1240.


Overfull \hbox (12.001pt too wide) detected at line 1329
[][][][]\OML/cmm/m/it/10.95  []\OT1/cmr/m/n/10.95 (\OML/cmm/m/it/10.95 x\OT1/cm
r/m/n/10.95 ) = \OMS/cmsy/m/n/10.95 ^^@[] []\OT1/cmr/m/n/10.95 (1 + \OML/cmm/m/
it/10.95 g\OT1/cmr/m/n/10.95 ) + [] [][]1 + [][]\OML/cmm/m/it/10.95 ;  N [][]\O
T1/cmr/m/n/10.95 = \OML/cmm/m/it/10.95 ^^[[]G[]\OT1/cmr/m/n/10.95 (\OML/cmm/m/i
t/10.95 x\OT1/cmr/m/n/10.95 )\OML/cmm/m/it/10.95 ;  D [][]\OT1/cmr/m/n/10.95 = 
\OML/cmm/m/it/10.95 g[]\OMS/cmsy/m/n/10.95 k\OML/cmm/m/it/10.95 y\OMS/cmsy/m/n/
10.95 k[] \OT1/cmr/m/n/10.95 + \OMS/cmsy/m/n/10.95 k\OT1/cmr/m/n/10.95 (\OML/cm
m/m/it/10.95 I \OMS/cmsy/m/n/10.95 ^^@ \OT1/cmr/m/n/10.95 P[])\OML/cmm/m/it/10.
95 y\OMS/cmsy/m/n/10.95 k[]\OML/cmm/m/it/10.95 :
 []

[12] [13] [14]
Overfull \hbox (26.49734pt too wide) detected at line 1610
[][][][][]  [] \OML/cmm/m/it/10.95 G[]\OT1/cmr/m/n/10.95 (\OML/cmm/m/it/10.95 x
\OT1/cmr/m/n/10.95 )  \OMS/cmsy/m/n/10.95 ^^U  [][]\OT1/cmr/m/n/10.95 (\OML/cmm
/m/it/10.95  \OT1/cmr/m/n/10.95 + \OML/cmm/m/it/10.95 ^^T \OT1/cmr/m/n/10.95 +
 \OML/cmm/m/it/10.95 a[]\OT1/cmr/m/n/10.95 ) [] \OML/cmm/m/it/10.95 d \OT1/cmr/
m/n/10.95 + \OML/cmm/m/it/10.95 c[][] [] [][]\OT1/cmr/m/n/10.95 (\OML/cmm/m/it/
10.95  \OT1/cmr/m/n/10.95 + \OML/cmm/m/it/10.95 ^^T \OT1/cmr/m/n/10.95 + \OML/
cmm/m/it/10.95 a[]\OT1/cmr/m/n/10.95 ) [] \OML/cmm/m/it/10.95 d \OT1/cmr/m/n/10
.95 + \OML/cmm/m/it/10.95 c[][] \OMS/cmsy/m/n/10.95 ^^T \OT1/cmr/m/n/10.95 1\OM
L/cmm/m/it/10.95 :
 []

[15]

LaTeX Warning: Reference `th:chi_log_concave' on page 16 undefined on input lin
e 1716.


LaTeX Warning: Reference `ass:chisquare_is_small' on page 16 undefined on input
 line 1717.

[16]
Overfull \hbox (65.75047pt too wide) detected at line 1758
[][][][]\OT1/cmr/m/n/10.95 1 + \OML/cmm/m/it/10.95 ^^_[]\OT1/cmr/m/n/10.95 (\OM
L/cmm/m/it/10.95 ^^Y[] \OMS/cmsy/m/n/10.95 j \OML/cmm/m/it/10.95 ^^Y[]\OT1/cmr/
m/n/10.95 ) = []\OML/cmm/m/it/10.95 ;  [][]\OT1/cmr/m/n/10.95 1 + \OML/cmm/m/it
/10.95 ^^_[]\OT1/cmr/m/n/10.95 (\OML/cmm/m/it/10.95 ^^Y[] \OMS/cmsy/m/n/10.95 j
 \OML/cmm/m/it/10.95 ^^Y[]\OT1/cmr/m/n/10.95 )[] = [][]   [][]  \OML/cmm/m/it/1
0.95 V\OT1/cmr/m/n/10.95 (\OML/cmm/m/it/10.95 ^^U \OT1/cmr/m/n/10.95 + \OML/cmm
/m/it/10.95 u \OT1/cmr/m/n/10.95 + \OML/cmm/m/it/10.95 v\OT1/cmr/m/n/10.95 ) d\
OML/cmm/m/it/10.95 u \OT1/cmr/m/n/10.95 d\OML/cmm/m/it/10.95 v:
 []


LaTeX Warning: Reference `ass:chisquare_is_small' on page 17 undefined on input
 line 1773.


Overfull \hbox (6.97462pt too wide) in paragraph at lines 1809--1815
\T1/ptm/m/n/11 These are the stan-dard exponential-family iden-ti-ties: dif-fer
-en-ti-at-ing $\OML/cmm/m/it/10.95 Z\OT1/cmr/m/n/10.95 (\OML/cmm/m/it/10.95 ^^U
\OT1/cmr/m/n/10.95 ) = [][] \OML/cmm/m/it/10.95 ^^W\OT1/cmr/m/n/10.95 (\OML/cmm
/m/it/10.95 x\OT1/cmr/m/n/10.95 )\OML/cmm/m/it/10.95 e[]$
 []


Overfull \hbox (67.16489pt too wide) detected at line 1826
\OT1/cmr/m/n/10.95 1 + \OML/cmm/m/it/10.95 ^^_[]\OT1/cmr/m/n/10.95 (\OML/cmm/m/
it/10.95 ^^Y[] \OMS/cmsy/m/n/10.95 j \OML/cmm/m/it/10.95 ^^Y[]\OT1/cmr/m/n/10.9
5 ) = [] [] = [] [] \OMS/cmsy/m/n/10.95 ^^A [] \OT1/cmr/m/n/10.95 = [] [] \OML/
cmm/m/it/10.95 ^^W\OT1/cmr/m/n/10.95 (\OML/cmm/m/it/10.95 x\OT1/cmr/m/n/10.95 )
\OML/cmm/m/it/10.95 m\OT1/cmr/m/n/10.95 (\OML/cmm/m/it/10.95 x\OT1/cmr/m/n/10.9
5 )[]\OML/cmm/m/it/10.95 ;
 []

[17]
Overfull \hbox (57.56993pt too wide) detected at line 1842
\OT1/cmr/m/n/10.95 	[](\OML/cmm/m/it/10.95 h\OT1/cmr/m/n/10.95 ) = [][]  \OML/c
mm/m/it/10.95 V\OT1/cmr/m/n/10.95 (\OML/cmm/m/it/10.95 ^^U \OT1/cmr/m/n/10.95 +
 \OML/cmm/m/it/10.95 h \OT1/cmr/m/n/10.95 + \OML/cmm/m/it/10.95 v\OT1/cmr/m/n/1
0.95 ) d\OML/cmm/m/it/10.95 v \OT1/cmr/m/n/10.95 + [][]  \OML/cmm/m/it/10.95 V\
OT1/cmr/m/n/10.95 (\OML/cmm/m/it/10.95 ^^U \OT1/cmr/m/n/10.95 + \OML/cmm/m/it/1
0.95 u \OT1/cmr/m/n/10.95 + \OML/cmm/m/it/10.95 h\OT1/cmr/m/n/10.95 ) d\OML/cmm
/m/it/10.95 u \OT1/cmr/m/n/10.95 = 2 [][]  \OML/cmm/m/it/10.95 V\OT1/cmr/m/n/10
.95 (\OML/cmm/m/it/10.95 ^^U \OT1/cmr/m/n/10.95 + \OML/cmm/m/it/10.95 h \OT1/cm
r/m/n/10.95 + \OML/cmm/m/it/10.95 u\OT1/cmr/m/n/10.95 ) d\OML/cmm/m/it/10.95 u 
\OT1/cmr/m/n/10.95 = 2[]\OML/cmm/m/it/10.95 '[]\OT1/cmr/m/n/10.95 (\OML/cmm/m/i
t/10.95 ^^U \OT1/cmr/m/n/10.95 + 2\OML/cmm/m/it/10.95 h\OT1/cmr/m/n/10.95 ) \OM
S/cmsy/m/n/10.95 ^^@ \OML/cmm/m/it/10.95 '[]\OT1/cmr/m/n/10.95 (\OML/cmm/m/it/1
0.95 ^^U \OT1/cmr/m/n/10.95 + \OML/cmm/m/it/10.95 h\OT1/cmr/m/n/10.95 )[]\OML/c
mm/m/it/10.95 ;
 []


LaTeX Warning: Reference `ass:chisquare_is_small' on page 18 undefined on input
 line 1892.

[18] [19]
Overfull \hbox (109.63686pt too wide) detected at line 2088
\OT1/cmss/m/n/10.95 E \OT1/cmr/m/n/10.95 = \OMS/cmsy/m/n/10.95 O[]\OT1/cmr/m/n/
10.95 (\OML/cmm/m/it/10.95 L \OT1/cmr/m/n/10.95 + [] + \OML/cmm/m/it/10.95  \O
T1/cmr/m/n/10.95 + \OML/cmm/m/it/10.95 ^^T\OT1/cmr/m/n/10.95 ) \OML/cmm/m/it/10
.95 s[] [] d[];  \OMS/cmsy/m/n/10.95 J[] \OT1/cmr/m/n/10.95 = \OMS/cmsy/m/n/10.
95 O[]\OT1/cmr/m/n/10.95 (\OML/cmm/m/it/10.95  \OT1/cmr/m/n/10.95 + \OML/cmm/m
/it/10.95 L \OT1/cmr/m/n/10.95 + [] + \OML/cmm/m/it/10.95 ^^T\OT1/cmr/m/n/10.95
 ) \OML/cmm/m/it/10.95 s[] [] d \OT1/cmr/m/n/10.95 + (\OML/cmm/m/it/10.95 a[] \
OMS/cmsy/m/n/10.95 ^^@ \OML/cmm/m/it/10.95 \OT1/cmr/m/n/10.95 )[]\OML/cmm/m/it
/10.95 s[] [] d[];  T \OT1/cmr/m/n/10.95 = \OMS/cmsy/m/n/10.95 O[][][]
 []


Overfull \hbox (16.72629pt too wide) in paragraph at lines 2088--2104
\OMS/cmsy/m/n/10.95 O\OT1/cmr/m/n/10.95 ([])$ \T1/ptm/m/it/11 to the hori-zon, 
which by As-sump-tion [][]1.19[][] is at most $\OMS/cmsy/m/n/10.95 O\OT1/cmr/m/
n/10.95 ([])$\T1/ptm/m/it/11 .
 []


LaTeX Warning: Reference `ass:spg' on page 20 undefined on input line 2113.


LaTeX Warning: Reference `th:main_thm' on page 20 undefined on input line 2115.



Package hyperref Warning: Token not allowed in a PDF string (Unicode):
(hyperref)                removing `\begingroup' on input line 2121.


Package hyperref Warning: Token not allowed in a PDF string (Unicode):
(hyperref)                removing `\let' on input line 2121.


Package hyperref Warning: Token not allowed in a PDF string (Unicode):
(hyperref)                removing `\<let>-command' on input line 2121.


Package hyperref Warning: Token not allowed in a PDF string (Unicode):
(hyperref)                removing `\NAT@ctype' on input line 2121.


Package hyperref Warning: Token not allowed in a PDF string (Unicode):
(hyperref)                removing `\@ne' on input line 2121.


Package hyperref Warning: Token not allowed in a PDF string (Unicode):
(hyperref)                removing `\let' on input line 2121.


Package hyperref Warning: Token not allowed in a PDF string (Unicode):
(hyperref)                removing `\new@ifnextchar' on input line 2121.

[20]
Overfull \hbox (24.87451pt too wide) detected at line 2208
[] \OT1/cmr/m/n/10.95 = [] [] = \OML/cmm/m/it/10.95 d[] [] [][]^^U []\OT1/cmr/m
/n/10.95 (\OML/cmm/m/it/10.95 x \OMS/cmsy/m/n/10.95 [ \OML/cmm/m/it/10.95 W[]\O
T1/cmr/m/n/10.95 )[]  \OMS/cmsy/m/n/10.95 ^^T  \OML/cmm/m/it/10.95 d[] d[]  \OT
1/cmr/m/n/10.95 =  \OML/cmm/m/it/10.95 d[];
 []

[21] [22] [23]

LaTeX Warning: Reference `ass:spg' on page 24 undefined on input line 2492.


LaTeX Warning: Reference `ass:spg' on page 24 undefined on input line 2529.

[24] [25] [26
pdfTeX warning (ext4): destination with the same identifier (name{equation.80})
 has been already used, duplicate ignored
<argument> ...shipout:D \box_use:N \l_shipout_box 
                                                  \__shipout_drop_firstpage_...
l.2751 
       ] [27] [28] [29]
Overfull \hbox (10.26526pt too wide) detected at line 3136
\OMS/cmsy/m/n/10.95 j\OML/cmm/m/it/10.95 I[]\OMS/cmsy/m/n/10.95 j \OT1/cmr/m/n/
10.95 = [] \OMS/cmsy/m/n/10.95 ^^@ [] \OT1/cmr/m/n/10.95 = \OML/cmm/m/it/10.95 
^^T [] d [] \OT1/cmr/m/n/10.95 + [](2\OML/cmm/m/it/10.95 s[]\OT1/cmr/m/n/10.95 
) [] \OML/cmm/m/it/10.95 ;
 []


Underfull \hbox (badness 977) in paragraph at lines 3159--3165
[]\T1/ptm/m/n/11 If $\OML/cmm/m/it/10.95 k[] \OT1/cmr/m/n/10.95 = 0$ \T1/ptm/m/
n/11 this fol-lows from The-o-rem [][]1.31[][], with room to spare, be-cause
 []

[30]
Overfull \hbox (27.525pt too wide) detected at line 3268
[]
 []

[31]
Overfull \hbox (60.43558pt too wide) in paragraph at lines 3297--3302
\T1/ptm/m/n/11 and $\OT1/cmr/m/n/10.95 7 \OMS/cmsy/m/n/10.95 ^^A \OT1/cmr/m/n/1
0.95 64 \OMS/cmsy/m/n/10.95 ^^A \OT1/cmr/m/n/10.95 16 = 7168$\T1/ptm/m/n/11 . F
i-nally $\OML/cmm/m/it/10.95 s[]e[] \OMS/cmsy/m/n/10.95 ^^T \OT1/cmr/m/n/10.95 
8\OML/cmm/m/it/10.95 s[]e[]$\T1/ptm/m/n/11 , so the de-nom-i-na-tor is at most 
$\OT1/cmr/m/n/10.95 7168 \OML/cmm/m/it/10.95 d[]s[]k[]\OT1/cmr/m/n/10.95 (8\OML
/cmm/m/it/10.95 s[]e[]\OT1/cmr/m/n/10.95 )[]$\T1/ptm/m/n/11 ,
 []

LaTeX Font Info:    Trying to load font information for TS1+ptm on input line 3
309.
(/usr/share/texmf-dist/tex/latex/psnfss/ts1ptm.fd
File: ts1ptm.fd 2001/06/04 font definitions for TS1/ptm.
)

LaTeX Warning: Reference `ass:spg' on page 32 undefined on input line 3330.

LaTeX Font Info:    Trying to load font information for T1+pcr on input line 33
50.
(/usr/share/texmf-dist/tex/latex/psnfss/t1pcr.fd
File: t1pcr.fd 2001/06/04 font definitions for T1/pcr.
)

Package hyperref Warning: Difference (2) between bookmark levels is greater 
(hyperref)                than one, level fixed on input line 3353.

<binary_numerics.pdf, id=1042, 484.209pt x 346.89601pt>
File: binary_numerics.pdf Graphic file (type pdf)
<use binary_numerics.pdf>
Package pdftex.def Info: binary_numerics.pdf  used on input line 3381.
(pdftex.def)             Requested size: 406.0pt x 290.87721pt.
[32] [33 <./binary_numerics.pdf>]

Package hyperref Warning: Token not allowed in a PDF string (Unicode):
(hyperref)                removing `math shift' on input line 3480.


Package hyperref Warning: Token not allowed in a PDF string (Unicode):
(hyperref)                removing `\beta' on input line 3480.


Package hyperref Warning: Token not allowed in a PDF string (Unicode):
(hyperref)                removing `math shift' on input line 3480.


LaTeX Warning: Reference `th:main_thm' on page 34 undefined on input line 3480.



LaTeX Warning: Reference `th:normalising_smc' on page 34 undefined on input lin
e 3480.


LaTeX Warning: Reference `th:boosted_smc' on page 34 undefined on input line 34
81.


LaTeX Warning: Reference `sec:spectral_gap_limitation' on page 34 undefined on 
input line 3483.

[34]
Overfull \hbox (75.32256pt too wide) detected at line 3542
[] []\OT1/cmr/m/n/10.95 (\OML/cmm/m/it/10.95 ^^N[]K[]; ^^Y[]\OT1/cmr/m/n/10.95 
) \OML/cmm/m/it/10.95 ^^V\OT1/cmr/m/n/10.95 (d\OML/cmm/m/it/10.95 x\OT1/cmr/m/n
/10.95 )  \OMS/cmsy/m/n/10.95 ^^T  []\OT1/cmr/m/n/10.95 (1 \OMS/cmsy/m/n/10.95 
^^@ \OML/cmm/m/it/10.95 ^^M[]\OT1/cmr/m/n/10.95 )[] [] \OML/cmm/m/it/10.95 ^^Y[
]\OT1/cmr/m/n/10.95 (\OML/cmm/m/it/10.95 x\OT1/cmr/m/n/10.95 )\OML/cmm/m/it/10.
95 ^^Y[]\OT1/cmr/m/n/10.95 (\OML/cmm/m/it/10.95 x\OT1/cmr/m/n/10.95 )[] = [](1 
\OMS/cmsy/m/n/10.95 ^^@ \OML/cmm/m/it/10.95 ^^M[]\OT1/cmr/m/n/10.95 )[] [] \OML
/cmm/m/it/10.95 ^^Y[]\OT1/cmr/m/n/10.95 (\OML/cmm/m/it/10.95 x\OT1/cmr/m/n/10.9
5 )[]  \OMS/cmsy/m/n/10.95 ^^T  []\OT1/cmr/m/n/10.95 (1 \OMS/cmsy/m/n/10.95 ^^@
 \OML/cmm/m/it/10.95 ^^M[]\OT1/cmr/m/n/10.95 )[]\OMS/cmsy/m/n/10.95 jXj[]\OML/c
mm/m/it/10.95 ;
 []


LaTeX Warning: Reference `sec:spectral_gap_limitation' on page 35 undefined on 
input line 3560.


LaTeX Warning: Reference `prop:smc_mala_warm_start' on page 35 undefined on inp
ut line 3562.


Overfull \hbox (31.23788pt too wide) detected at line 3582
[][][][]\OMS/cmsy/m/n/10.95 G  [][]\OT1/cmr/m/n/10.95 =  [][]1792 \OML/cmm/m/it
/10.95 d[]s[]s[]\OT1/cmr/m/n/10.95 2[]\OML/cmm/m/it/10.95 d[]e[];   \OT1/cmr/m/
n/10.95 7168 \OML/cmm/m/it/10.95 d[]s[] []\OT1/cmr/m/n/10.95 (\OML/cmm/m/it/10.
95 k[]; \OT1/cmr/m/n/10.95 1)[]8\OML/cmm/m/it/10.95 s[]e[][][][];  k[] [][]\OT1
/cmr/m/n/10.95 = [] \OML/cmm/m/it/10.95 k[];
 []


LaTeX Warning: Reference `alg:boosted' on page 1 undefined on input line 3595.


LaTeX Warning: Reference `alg:smc_size' on page 1 undefined on input line 3595.



LaTeX Warning: Reference `alg:wf_smc' on page 1 undefined on input line 3595.


LaTeX Warning: Reference `alg:smc' on page 1 undefined on input line 3595.


LaTeX Warning: Reference `ass:chisquare_is_small' on page 35 undefined on input
 line 3598.


LaTeX Warning: Reference `ass:spg' on page 35 undefined on input line 3598.


LaTeX Warning: Reference `eq:garantee' on page 35 undefined on input line 3600.



LaTeX Warning: Reference `eq:garantee_Z' on page 35 undefined on input line 360
1.


LaTeX Warning: Reference `alg:smc' on page 35 undefined on input line 3609.


LaTeX Warning: Reference `alg:wf_smc' on page 35 undefined on input line 3612.


LaTeX Warning: Reference `alg:smc_size' on page 35 undefined on input line 3615
.


LaTeX Warning: Reference `alg:smc' on page 35 undefined on input line 3619.


LaTeX Warning: Reference `alg:smc' on page 35 undefined on input line 3622.


LaTeX Warning: Reference `alg:wf_smc' on page 35 undefined on input line 3625.


LaTeX Warning: Reference `alg:boosted' on page 35 undefined on input line 3628.



LaTeX Warning: Reference `alg:smc' on page 35 undefined on input line 3633.


LaTeX Warning: Reference `alg:wf_smc' on page 35 undefined on input line 3634.

[35]

LaTeX Warning: Reference `ass:chisquare_is_small' on page 36 undefined on input
 line 3638.


LaTeX Warning: Reference `ass:spg' on page 36 undefined on input line 3641.


LaTeX Warning: Reference `sec:smc' on page 36 undefined on input line 3652.


LaTeX Warning: Reference `alg:smc' on page 36 undefined on input line 3653.


LaTeX Warning: Reference `alg:wf_smc' on page 36 undefined on input line 3654.


LaTeX Warning: Reference `alg:smc_size' on page 36 undefined on input line 3654
.


LaTeX Warning: Reference `alg:boosted' on page 36 undefined on input line 3655.



LaTeX Warning: Reference `th:main_thm' on page 36 undefined on input line 3657.



Overfull \hbox (13.35779pt too wide) in paragraph at lines 3657--3663
[]\T1/ptm/m/n/11 Row 1. The-o-rem [] with $[]\OML/cmm/m/it/10.95 ^^_[] \OT1/cmr
/m/n/10.95 = 2$ \T1/ptm/m/n/11 needs $\OML/cmm/m/it/10.95 M \OT1/cmr/m/n/10.95 
= \OMS/cmsy/m/n/10.95 O\OT1/cmr/m/n/10.95 (\OML/cmm/m/it/10.95 "[] []\OT1/cmr/m
/n/10.95 (\OML/cmm/m/it/10.95 T=^^Q\OT1/cmr/m/n/10.95 ))$ \T1/ptm/m/n/11 and $\
OML/cmm/m/it/10.95 P \OMS/cmsy/m/n/10.95 ^^U \OML/cmm/m/it/10.95 ^^\[]\OT1/cmr/
m/n/10.95 (\OML/cmm/m/it/10.95 ^^Q=\OT1/cmr/m/n/10.95 (2\OML/cmm/m/it/10.95 MT\
OT1/cmr/m/n/10.95 )\OML/cmm/m/it/10.95 ; \OT1/cmr/m/n/10.95 2) =
 []


LaTeX Warning: Reference `th:main_wf' on page 36 undefined on input line 3663.


LaTeX Warning: Reference `th:wf_smc_greedy' on page 36 undefined on input line 
3664.


LaTeX Warning: Reference `th:normalising_smc' on page 36 undefined on input lin
e 3669.


LaTeX Warning: Reference `th:boosted_smc' on page 36 undefined on input line 36
72.


LaTeX Warning: Reference `th:strong_normalising_constant' on page 36 undefined 
on input line 3675.


LaTeX Warning: Reference `th:boosted' on page 36 undefined on input line 3676.


LaTeX Warning: Reference `alg:boosted' on page 36 undefined on input line 3695.



Overfull \hbox (48.16194pt too wide) detected at line 3699
[][]\OML/cmm/m/it/10.95 d[]s[]\OT1/cmr/m/n/10.95 ([] \OML/cmm/m/it/10.95 d\OT1/
cmr/m/n/10.95 )[]\OML/cmm/m/it/10.95 "[][] [] [][]n d[]s[]\OT1/cmr/m/n/10.95 ([
] \OML/cmm/m/it/10.95 d\OT1/cmr/m/n/10.95 )[]\OML/cmm/m/it/10.95 "[][] []
 []


LaTeX Warning: Reference `alg:smc_size' on page 36 undefined on input line 3702
.


LaTeX Warning: Reference `alg:boosted' on page 36 undefined on input line 3709.



LaTeX Warning: Reference `alg:smc_size' on page 36 undefined on input line 3710
.


Underfull \hbox (badness 1142) in paragraph at lines 3707--3713
[]\T1/ptm/m/n/11 Substitute the stated or-ders into the ta-ble of The-o-rem [][
]1.34[][], us-ing $\OML/cmm/m/it/10.95 T[] \OT1/cmr/m/n/10.95 =
 []


Package hyperref Warning: Difference (2) between bookmark levels is greater 
(hyperref)                than one, level fixed on input line 3716.


LaTeX Warning: Reference `alg:smc_size' on page 36 undefined on input line 3733
.


LaTeX Warning: Reference `sec:main' on page 36 undefined on input line 3737.

[36]

LaTeX Warning: Reference `alg:smc_size' on page 37 undefined on input line 3814
.


LaTeX Warning: Reference `alg:boosted' on page 37 undefined on input line 3814.



LaTeX Warning: Reference `sub:practical' on page 37 undefined on input line 381
5.


LaTeX Warning: Reference `prop:smc_mala_warm_start' on page 37 undefined on inp
ut line 3820.

(./binary_variable_selection.bbl (./binary_variable_selection.brf)
\tf@brf=\write5
\openout5 = `binary_variable_selection.brf'.

 [37])
[38] (./binary_variable_selection.aux)
 ***********
LaTeX2e <2025-11-01>
L3 programming layer <2026-01-19>
 ***********


LaTeX Font Warning: Size substitutions with differences
(Font)              up to 0.5pt have occurred.


LaTeX Warning: There were undefined references.

Package rerunfilecheck Info: File `binary_variable_selection.out' has not chang
ed.
(rerunfilecheck)             Checksum: A3F25F5733F1F9856B0744592D0F21AF;8864.
Package rerunfilecheck Info: File `binary_variable_selection.brf' has not chang
ed.
(rerunfilecheck)             Checksum: 371BFFDF017AC65734D2FEE5A8736D4A;2127.
 ) 
Here is how much of TeX's memory you used:
 42926 strings out of 468995
 987026 string characters out of 5460436
 1522221 words of memory out of 5000000
 70785 multiletter control sequences out of 15000+600000
 705456 words of font info for 134 fonts, out of 8000000 for 9000
 264 hyphenation exceptions out of 8191
 99i,12n,131p,1143b,633s stack positions out of 10000i,1000n,20000p,200000b,200000s
</usr/share/texmf-dist/fonts/type1/public/amsfonts/cm/cmbx10.pfb></usr/share/
texmf-dist/fonts/type1/public/amsfonts/cm/cmex10.pfb></usr/share/texmf-dist/fon
ts/type1/public/amsfonts/cm/cmmi10.pfb></usr/share/texmf-dist/fonts/type1/publi
c/amsfonts/cm/cmmi5.pfb></usr/share/texmf-dist/fonts/type1/public/amsfonts/cm/c
mmi8.pfb></usr/share/texmf-dist/fonts/type1/public/amsfonts/cm/cmr10.pfb></usr/
share/texmf-dist/fonts/type1/public/amsfonts/cm/cmr5.pfb></usr/share/texmf-dist
/fonts/type1/public/amsfonts/cm/cmr8.pfb></usr/share/texmf-dist/fonts/type1/pub
lic/amsfonts/cm/cmss10.pfb></usr/share/texmf-dist/fonts/type1/public/amsfonts/c
m/cmsy10.pfb></usr/share/texmf-dist/fonts/type1/public/amsfonts/cm/cmsy5.pfb></
usr/share/texmf-dist/fonts/type1/public/amsfonts/cm/cmsy8.pfb></usr/share/texmf
-dist/fonts/type1/public/amsfonts/symbols/msam10.pfb></usr/share/texmf-dist/fon
ts/type1/public/amsfonts/symbols/msbm10.pfb></usr/share/texmf-dist/fonts/type1/
urw/courier/ucrr8a.pfb></usr/share/texmf-dist/fonts/type1/urw/times/utmb8a.pfb>
</usr/share/texmf-dist/fonts/type1/urw/times/utmbi8a.pfb></usr/share/texmf-dist
/fonts/type1/urw/times/utmr8a.pfb></usr/share/texmf-dist/fonts/type1/urw/times/
utmri8a.pfb>
Output written on binary_variable_selection.pdf (38 pages, 494695 bytes).
PDF statistics:
 1455 PDF objects out of 1728 (max. 8388607)
 1274 compressed objects within 13 object streams
 284 named destinations out of 1000 (max. 500000)
 354 words of extra memory for PDF output out of 10000 (max. 10000000)

