\BOOKMARK [1][-]{section.1}{\376\377\000A\000p\000p\000l\000i\000c\000a\000t\000i\000o\000n\000\040\000t\000o\000\040\000a\000\040\000b\000i\000n\000a\000r\000y\000\040\000s\000a\000m\000p\000l\000i\000n\000g\000\040\000p\000r\000o\000b\000l\000e\000m}{}% 1
\BOOKMARK [2][-]{paragraph.1.0.0.1}{\376\377\000R\000o\000a\000d\000\040\000m\000a\000p\000.}{section.1}% 2
\BOOKMARK [2][-]{subsection.1.1}{\376\377\000T\000h\000e\000\040\000m\000o\000d\000e\000l\000,\000\040\000t\000h\000e\000\040\000p\000a\000t\000h\000\040\000a\000n\000d\000\040\000t\000h\000e\000\040\000s\000a\000m\000p\000l\000e\000r}{section.1}% 3
\BOOKMARK [3][-]{subsubsection.1.1.1}{\376\377\000T\000h\000e\000\040\000B\000a\000y\000e\000s\000i\000a\000n\000\040\000v\000a\000r\000i\000a\000b\000l\000e\000\040\000s\000e\000l\000e\000c\000t\000i\000o\000n\000\040\000m\000o\000d\000e\000l}{subsection.1.1}% 4
\BOOKMARK [3][-]{subsubsection.1.1.2}{\376\377\000S\000t\000a\000n\000d\000i\000n\000g\000\040\000a\000s\000s\000u\000m\000p\000t\000i\000o\000n\000s\000\040\000a\000n\000d\000\040\000t\000h\000e\000\040\000g\000o\000o\000d\000\040\000e\000v\000e\000n\000t}{subsection.1.1}% 5
\BOOKMARK [3][-]{subsubsection.1.1.3}{\376\377\000T\000h\000e\000\040\000t\000e\000m\000p\000e\000r\000i\000n\000g\000\040\000p\000a\000t\000h}{subsection.1.1}% 6
\BOOKMARK [3][-]{subsubsection.1.1.4}{\376\377\000T\000h\000e\000\040\000M\000a\000r\000k\000o\000v\000\040\000k\000e\000r\000n\000e\000l}{subsection.1.1}% 7
\BOOKMARK [3][-]{subsubsection.1.1.5}{\376\377\000D\000i\000r\000i\000c\000h\000l\000e\000t\000\040\000f\000o\000r\000m\000s\000,\000\040\000d\000e\000c\000o\000m\000p\000o\000s\000i\000t\000i\000o\000n\000\040\000a\000n\000d\000\040\000c\000a\000n\000o\000n\000i\000c\000a\000l\000\040\000p\000a\000t\000h\000s}{subsection.1.1}% 8
\BOOKMARK [4][-]{paragraph.1.1.5.1}{\376\377\000D\000i\000r\000i\000c\000h\000l\000e\000t\000\040\000f\000o\000r\000m\000\040\000a\000n\000d\000\040\000s\000p\000e\000c\000t\000r\000a\000l\000\040\000g\000a\000p\000.}{subsubsection.1.1.5}% 9
\BOOKMARK [4][-]{paragraph.1.1.5.2}{\376\377\000R\000e\000s\000t\000r\000i\000c\000t\000i\000o\000n\000.}{subsubsection.1.1.5}% 10
\BOOKMARK [4][-]{paragraph.1.1.5.3}{\376\377\000D\000e\000c\000o\000m\000p\000o\000s\000i\000t\000i\000o\000n\000.}{subsubsection.1.1.5}% 11
\BOOKMARK [4][-]{paragraph.1.1.5.4}{\376\377\000C\000a\000n\000o\000n\000i\000c\000a\000l\000\040\000p\000a\000t\000h\000s\000.}{subsubsection.1.1.5}% 12
\BOOKMARK [2][-]{subsection.1.2}{\376\377\000D\000e\000t\000e\000r\000m\000i\000n\000i\000s\000t\000i\000c\000\040\000c\000o\000n\000s\000e\000q\000u\000e\000n\000c\000e\000s\000\040\000o\000f\000\040\000t\000h\000e\000\040\000g\000o\000o\000d\000\040\000e\000v\000e\000n\000t}{section.1}% 13
\BOOKMARK [2][-]{subsection.1.3}{\376\377\000C\000o\000n\000d\000i\000t\000i\000o\000n\000s\000\040\000o\000n\000\040\000t\000h\000e\000\040\000d\000e\000s\000i\000g\000n\000\040\000a\000n\000d\000\040\000o\000n\000\040\000t\000h\000e\000\040\000p\000r\000i\000o\000r}{section.1}% 14
\BOOKMARK [3][-]{subsubsection.1.3.1}{\376\377\000N\000u\000l\000l\000\040\000c\000o\000v\000a\000r\000i\000a\000t\000e\000s}{subsection.1.3}% 15
\BOOKMARK [3][-]{subsubsection.1.3.2}{\376\377\000I\000n\000f\000l\000u\000e\000n\000t\000i\000a\000l\000\040\000c\000o\000v\000a\000r\000i\000a\000t\000e\000s}{subsection.1.3}% 16
\BOOKMARK [2][-]{subsection.1.4}{\376\377\000H\000o\000w\000\040\000m\000a\000n\000y\000\040\000d\000i\000s\000t\000r\000i\000b\000u\000t\000i\000o\000n\000s\000\040\000a\000r\000e\000\040\000n\000e\000e\000d\000e\000d}{section.1}% 17
\BOOKMARK [3][-]{subsubsection.1.4.1}{\376\377\000A\000\040\000s\000c\000h\000e\000d\000u\000l\000e\000\040\000f\000r\000o\000m\000\040\000t\000h\000e\000\040\000v\000a\000r\000i\000a\000n\000c\000e\000\040\000f\000u\000n\000c\000t\000i\000o\000n}{subsection.1.4}% 18
\BOOKMARK [3][-]{subsubsection.1.4.2}{\376\377\000B\000o\000u\000n\000d\000i\000n\000g\000\040\000t\000h\000e\000\040\000s\000y\000m\000m\000e\000t\000r\000i\000s\000e\000d\000\040\000d\000i\000v\000e\000r\000g\000e\000n\000c\000e}{subsection.1.4}% 19
\BOOKMARK [2][-]{subsection.1.5}{\376\377\000T\000h\000e\000\040\000s\000p\000e\000c\000t\000r\000a\000l\000\040\000g\000a\000p\000\040\000a\000t\000\040\000e\000v\000e\000r\000y\000\040\000t\000e\000m\000p\000e\000r\000a\000t\000u\000r\000e}{section.1}% 20
\BOOKMARK [3][-]{subsubsection.1.5.1}{\376\377\000W\000h\000y\000\040\000t\000h\000e\000\040\000e\000n\000s\000e\000m\000b\000l\000e\000\040\000o\000f\000\040\000Y\000a\000n\000g\000W\000a\000i\000n\000w\000r\000i\000g\000h\000t\000J\000o\000r\000d\000a\000n\0002\0000\0001\0006\000\040\000d\000o\000e\000s\000\040\000n\000o\000t\000\040\000t\000r\000a\000n\000s\000f\000e\000r}{subsection.1.5}% 21
\BOOKMARK [3][-]{subsubsection.1.5.2}{\376\377\000T\000h\000e\000\040\000b\000l\000o\000c\000k\000\040\000d\000e\000c\000o\000m\000p\000o\000s\000i\000t\000i\000o\000n\000\040\000a\000n\000d\000\040\000m\000a\000s\000s\000\040\000r\000a\000t\000i\000o\000s}{subsection.1.5}% 22
\BOOKMARK [3][-]{subsubsection.1.5.3}{\376\377\000I\000n\000s\000i\000d\000e\000\040\000a\000\040\000b\000l\000o\000c\000k}{subsection.1.5}% 23
\BOOKMARK [3][-]{subsubsection.1.5.4}{\376\377\000B\000e\000t\000w\000e\000e\000n\000\040\000b\000l\000o\000c\000k\000s}{subsection.1.5}% 24
\BOOKMARK [3][-]{subsubsection.1.5.5}{\376\377\000T\000h\000e\000\040\000b\000o\000u\000n\000d}{subsection.1.5}% 25
\BOOKMARK [2][-]{subsection.1.6}{\376\377\000A\000\040\000t\000e\000m\000p\000e\000r\000a\000t\000u\000r\000e\000-\000a\000d\000a\000p\000t\000e\000d\000\040\000p\000a\000t\000h\000\040\000e\000n\000s\000e\000m\000b\000l\000e}{section.1}% 26
\BOOKMARK [3][-]{subsubsection.1.6.1}{\376\377\000S\000l\000i\000c\000e\000s\000,\000\040\000m\000o\000v\000i\000n\000g\000\040\000c\000e\000n\000t\000r\000e\000s\000\040\000a\000n\000d\000\040\000t\000h\000e\000\040\000m\000a\000r\000g\000i\000n\000\040\000c\000o\000n\000d\000i\000t\000i\000o\000n}{subsection.1.6}% 27
\BOOKMARK [3][-]{subsubsection.1.6.2}{\376\377\000T\000h\000e\000\040\000e\000n\000s\000e\000m\000b\000l\000e\000\040\000o\000n\000\040\000a\000\040\000s\000l\000i\000c\000e}{subsection.1.6}% 28
\BOOKMARK [3][-]{subsubsection.1.6.3}{\376\377\000T\000h\000e\000\040\000m\000a\000p\000\040\000n\000e\000v\000e\000r\000\040\000m\000o\000v\000e\000s\000\040\000f\000a\000r\000\040\000d\000o\000w\000n\000h\000i\000l\000l}{subsection.1.6}% 29
\BOOKMARK [3][-]{subsubsection.1.6.4}{\376\377\000T\000h\000e\000\040\000b\000o\000u\000n\000d\000\040\000o\000n\000\040\000a\000\040\000s\000l\000i\000c\000e}{subsection.1.6}% 30
\BOOKMARK [3][-]{subsubsection.1.6.5}{\376\377\000T\000e\000m\000p\000e\000r\000a\000t\000u\000r\000e\000s\000\040\000a\000t\000\040\000w\000h\000i\000c\000h\000\040\000t\000h\000e\000\040\000m\000a\000r\000g\000i\000n\000\040\000f\000a\000i\000l\000s}{subsection.1.6}% 31
\BOOKMARK [2][-]{subsection.1.7}{\376\377\000N\000u\000m\000e\000r\000i\000c\000a\000l\000\040\000i\000l\000l\000u\000s\000t\000r\000a\000t\000i\000o\000n}{section.1}% 32
\BOOKMARK [3][-]{paragraph.1.7.0.1}{\376\377\000S\000e\000t\000t\000i\000n\000g}{subsection.1.7}% 33
\BOOKMARK [4][-]{paragraph.1.7.0.2}{\376\377\000\050\000a\000\051\000\040\000T\000h\000e\000\040\000g\000a\000p\000\040\000a\000l\000o\000n\000g\000\040\000t\000h\000e\000\040\000p\000a\000t\000h}{paragraph.1.7.0.1}% 34
\BOOKMARK [4][-]{paragraph.1.7.0.3}{\376\377\000\050\000b\000\051\000\040\000S\000w\000e\000e\000p\000i\000n\000g\000\040\000t\000h\000e\000\040\000s\000i\000g\000n\000a\000l\000\040\000s\000t\000r\000e\000n\000g\000t\000h}{paragraph.1.7.0.1}% 35
\BOOKMARK [4][-]{paragraph.1.7.0.4}{\376\377\000\050\000c\000\051\000\040\000R\000e\000m\000o\000v\000i\000n\000g\000\040\000t\000h\000e\000\040\000t\000r\000u\000n\000c\000a\000t\000i\000o\000n}{paragraph.1.7.0.1}% 36
\BOOKMARK [4][-]{paragraph.1.7.0.5}{\376\377\000\050\000d\000\051\000\040\000T\000h\000e\000\040\000s\000c\000h\000e\000d\000u\000l\000e}{paragraph.1.7.0.1}% 37
\BOOKMARK [2][-]{subsection.1.8}{\376\377\000F\000r\000o\000m\000\040\000s\000p\000e\000c\000t\000r\000a\000l\000\040\000g\000a\000p\000s\000\040\000t\000o\000\040\000-\000m\000i\000x\000i\000n\000g\000\040\000t\000i\000m\000e\000s}{section.1}% 38
\BOOKMARK [2][-]{subsection.1.9}{\376\377\000C\000o\000m\000p\000l\000e\000x\000i\000t\000y}{section.1}% 39
\BOOKMARK [3][-]{paragraph.1.9.0.1}{\376\377\000C\000o\000m\000p\000a\000r\000i\000s\000o\000n\000\040\000w\000i\000t\000h\000\040\000M\000C\000M\000C\000.}{subsection.1.9}% 40
\BOOKMARK [2][-]{subsection.1.10}{\376\377\000C\000o\000n\000s\000e\000q\000u\000e\000n\000c\000e\000s\000\040\000f\000o\000r\000\040\000p\000r\000a\000c\000t\000i\000c\000e}{section.1}% 41
\BOOKMARK [1][-]{section*.4}{\376\377\000R\000e\000f\000e\000r\000e\000n\000c\000e\000s}{}% 42
